Archive member included to satisfy reference by file (symbol)

b:/programme/armgcc/bin/../lib/gcc/arm-none-eabi/10.3.1/thumb/v6-m/nofp\libgcc.a(_dvmd_tls.o)
                              CMakeFiles/WS2812B.dir/B_/Git-repos/pico-sdk/src/rp2_common/pico_divider/divider.S.obj (__aeabi_idiv0)
b:/programme/armgcc/bin/../lib/gcc/arm-none-eabi/10.3.1/../../../../arm-none-eabi/lib/thumb/v6-m/nofp\libg.a(lib_a-calloc.o)
                              CMakeFiles/WS2812B.dir/B_/Git-repos/pico-sdk/src/rp2_common/pico_malloc/pico_malloc.c.obj (calloc)
b:/programme/armgcc/bin/../lib/gcc/arm-none-eabi/10.3.1/../../../../arm-none-eabi/lib/thumb/v6-m/nofp\libg.a(lib_a-callocr.o)
                              b:/programme/armgcc/bin/../lib/gcc/arm-none-eabi/10.3.1/../../../../arm-none-eabi/lib/thumb/v6-m/nofp\libg.a(lib_a-calloc.o) (_calloc_r)
b:/programme/armgcc/bin/../lib/gcc/arm-none-eabi/10.3.1/../../../../arm-none-eabi/lib/thumb/v6-m/nofp\libg.a(lib_a-ctype_.o)
                              CMakeFiles/WS2812B.dir/B_/Git-repos/pico-sdk/lib/tinyusb/src/tusb.c.obj (_ctype_)
b:/programme/armgcc/bin/../lib/gcc/arm-none-eabi/10.3.1/../../../../arm-none-eabi/lib/thumb/v6-m/nofp\libg.a(lib_a-errno.o)
                              b:/programme/armgcc/bin/../lib/gcc/arm-none-eabi/10.3.1/../../../../arm-none-eabi/lib/thumb/v6-m/nofp\libg.a(lib_a-callocr.o) (__errno)
b:/programme/armgcc/bin/../lib/gcc/arm-none-eabi/10.3.1/../../../../arm-none-eabi/lib/thumb/v6-m/nofp\libg.a(lib_a-impure.o)
                              b:/programme/armgcc/bin/../lib/gcc/arm-none-eabi/10.3.1/../../../../arm-none-eabi/lib/thumb/v6-m/nofp\libg.a(lib_a-calloc.o) (_impure_ptr)
b:/programme/armgcc/bin/../lib/gcc/arm-none-eabi/10.3.1/../../../../arm-none-eabi/lib/thumb/v6-m/nofp\libg.a(lib_a-init.o)
                              b:/programme/armgcc/bin/../lib/gcc/arm-none-eabi/10.3.1/../../../../arm-none-eabi/lib/thumb/v6-m/nofp/crt0.o (__libc_init_array)
b:/programme/armgcc/bin/../lib/gcc/arm-none-eabi/10.3.1/../../../../arm-none-eabi/lib/thumb/v6-m/nofp\libg.a(lib_a-malloc.o)
                              CMakeFiles/WS2812B.dir/B_/Git-repos/pico-sdk/src/rp2_common/pico_malloc/pico_malloc.c.obj (malloc)
b:/programme/armgcc/bin/../lib/gcc/arm-none-eabi/10.3.1/../../../../arm-none-eabi/lib/thumb/v6-m/nofp\libg.a(lib_a-mallocr.o)
                              b:/programme/armgcc/bin/../lib/gcc/arm-none-eabi/10.3.1/../../../../arm-none-eabi/lib/thumb/v6-m/nofp\libg.a(lib_a-callocr.o) (_malloc_r)
b:/programme/armgcc/bin/../lib/gcc/arm-none-eabi/10.3.1/../../../../arm-none-eabi/lib/thumb/v6-m/nofp\libg.a(lib_a-mlock.o)
                              b:/programme/armgcc/bin/../lib/gcc/arm-none-eabi/10.3.1/../../../../arm-none-eabi/lib/thumb/v6-m/nofp\libg.a(lib_a-mallocr.o) (__malloc_lock)
b:/programme/armgcc/bin/../lib/gcc/arm-none-eabi/10.3.1/../../../../arm-none-eabi/lib/thumb/v6-m/nofp\libg.a(lib_a-sbrkr.o)
                              b:/programme/armgcc/bin/../lib/gcc/arm-none-eabi/10.3.1/../../../../arm-none-eabi/lib/thumb/v6-m/nofp\libg.a(lib_a-mallocr.o) (_sbrk_r)
b:/programme/armgcc/bin/../lib/gcc/arm-none-eabi/10.3.1/../../../../arm-none-eabi/lib/thumb/v6-m/nofp\libg.a(lib_a-strlen-stub.o)
                              CMakeFiles/WS2812B.dir/B_/Git-repos/pico-sdk/src/rp2_common/pico_stdio/stdio.c.obj (strlen)
b:/programme/armgcc/bin/../lib/gcc/arm-none-eabi/10.3.1/../../../../arm-none-eabi/lib/thumb/v6-m/nofp\libg.a(lib_a-freer.o)
                              b:/programme/armgcc/bin/../lib/gcc/arm-none-eabi/10.3.1/../../../../arm-none-eabi/lib/thumb/v6-m/nofp\libg.a(lib_a-malloc.o) (_free_r)
b:/programme/armgcc/bin/../lib/gcc/arm-none-eabi/10.3.1/../../../../arm-none-eabi/lib/thumb/v6-m/nofp\libg.a(lib_a-lock.o)
                              b:/programme/armgcc/bin/../lib/gcc/arm-none-eabi/10.3.1/../../../../arm-none-eabi/lib/thumb/v6-m/nofp\libg.a(lib_a-mlock.o) (__retarget_lock_acquire_recursive)
b:/programme/armgcc/bin/../lib/gcc/arm-none-eabi/10.3.1/../../../../arm-none-eabi/lib/thumb/v6-m/nofp\libg.a(lib_a-reent.o)
                              b:/programme/armgcc/bin/../lib/gcc/arm-none-eabi/10.3.1/../../../../arm-none-eabi/lib/thumb/v6-m/nofp\libg.a(lib_a-sbrkr.o) (errno)

Discarded input sections

 .text          0x00000000        0x0 b:/programme/armgcc/bin/../lib/gcc/arm-none-eabi/10.3.1/thumb/v6-m/nofp/crti.o
 .data          0x00000000        0x0 b:/programme/armgcc/bin/../lib/gcc/arm-none-eabi/10.3.1/thumb/v6-m/nofp/crti.o
 .bss           0x00000000        0x0 b:/programme/armgcc/bin/../lib/gcc/arm-none-eabi/10.3.1/thumb/v6-m/nofp/crti.o
 .data          0x00000000        0x4 b:/programme/armgcc/bin/../lib/gcc/arm-none-eabi/10.3.1/thumb/v6-m/nofp/crtbegin.o
 .rodata        0x00000000       0x24 b:/programme/armgcc/bin/../lib/gcc/arm-none-eabi/10.3.1/thumb/v6-m/nofp/crtbegin.o
 .fini_array    0x00000000        0x4 b:/programme/armgcc/bin/../lib/gcc/arm-none-eabi/10.3.1/thumb/v6-m/nofp/crtbegin.o
[...]
Memory Configuration

Name             Origin             Length             Attributes
FLASH            0x10000000         0x00200000         xr
RAM              0x20000000         0x00040000         xrw
SCRATCH_X        0x20040000         0x00001000         xrw
SCRATCH_Y        0x20041000         0x00001000         xrw
*default*        0x00000000         0xffffffff

Linker script and memory map

LOAD b:/programme/armgcc/bin/../lib/gcc/arm-none-eabi/10.3.1/thumb/v6-m/nofp/crti.o
LOAD b:/programme/armgcc/bin/../lib/gcc/arm-none-eabi/10.3.1/thumb/v6-m/nofp/crtbegin.o
LOAD b:/programme/armgcc/bin/../lib/gcc/arm-none-eabi/10.3.1/../../../../arm-none-eabi/lib/thumb/v6-m/nofp/crt0.o

.flash_begin    0x10000000        0x0
                0x10000000                __flash_binary_start = .

.boot2          0x10000000      0x100
                0x10000000                __boot2_start__ = .
 *(.boot2)
 .boot2         0x10000000      0x100 C:\Users\benni\AppData\Local\Temp\ccSkuEjX.o
                0x10000100                __boot2_end__ = .
                0x00000001                ASSERT (((__boot2_end__ - __boot2_start__) == 0x100), ERROR: Pico second stage bootloader must be 256 bytes in size)

.text           0x10000100     0x6ee0
                0x10000100                __logical_binary_start = .
 *(.vectors)
 .vectors       0x10000100       0xd4 CMakeFiles/WS2812B.dir/B_/Git-repos/pico-sdk/src/rp2_common/pico_standard_link/crt0.S.obj
                0x10000100                __VECTOR_TABLE
                0x10000100                __vectors
                0x100001c0                isr_invalid
                0x100001c0                __default_isrs_start
                0x100001c2                isr_nmi
                0x100001c4                isr_hardfault
                0x100001c6                isr_svcall
                0x100001c8                isr_pendsv
                0x100001ca                isr_systick
                0x100001cc                isr_irq23
                0x100001cc                isr_irq18
                0x100001cc                isr_irq11
                0x100001cc                isr_irq28
                0x100001cc                isr_irq19
                0x100001cc                isr_irq0
                0x100001cc                isr_irq6
                0x100001cc                isr_irq5
                0x100001cc                isr_irq12
                0x100001cc                isr_irq22
                0x100001cc                isr_irq31
                0x100001cc                isr_irq17
                0x100001cc                isr_irq27
                0x100001cc                isr_irq30
                0x100001cc                isr_irq2
                0x100001cc                isr_irq10
                0x100001cc                isr_irq8
                0x100001cc                isr_irq24
                0x100001cc                isr_irq1
                0x100001cc                isr_irq7
                0x100001cc                isr_irq21
                0x100001cc                isr_irq20
                0x100001cc                isr_irq15
                0x100001cc                isr_irq25
                0x100001cc                isr_irq13
                0x100001cc                __unhandled_user_irq
                0x100001cc                isr_irq4
                0x100001cc                isr_irq16
                0x100001cc                isr_irq29
                0x100001cc                isr_irq26
                0x100001cc                __default_isrs_end
                0x100001cc                isr_irq3
                0x100001cc                isr_irq14
                0x100001cc                isr_irq9
                0x100001d2                unhandled_user_irq_num_in_r0
 *(.binary_info_header)
 .binary_info_header
                0x100001d4       0x14 CMakeFiles/WS2812B.dir/B_/Git-repos/pico-sdk/src/rp2_common/pico_standard_link/crt0.S.obj
                0x100001e8                __binary_info_header_end = .
 *(.reset)
 .reset         0x100001e8       0xa8 CMakeFiles/WS2812B.dir/B_/Git-repos/pico-sdk/src/rp2_common/pico_standard_link/crt0.S.obj
                0x100001e8                _entry_point
                0x10000266                __get_current_exception
 .reset         0x10000290       0x30 CMakeFiles/WS2812B.dir/B_/Git-repos/pico-sdk/src/rp2_common/pico_standard_link/binary_info.c.obj
 *(.init)
 .init          0x100002c0        0x4 b:/programme/armgcc/bin/../lib/gcc/arm-none-eabi/10.3.1/thumb/v6-m/nofp/crti.o
                0x100002c0                _init
 *(EXCLUDE_FILE(*libm.a: *libc.a:*lib_a-mem*.o *libgcc.a:) .text*)
 .text          0x100002c4       0x48 b:/programme/armgcc/bin/../lib/gcc/arm-none-eabi/10.3.1/thumb/v6-m/nofp/crtbegin.o
 .text.main     0x1000030c       0x3c CMakeFiles/WS2812B.dir/main.c.obj
                0x1000030c                main
 .text.gpio_set_function
                0x10000348       0x30 CMakeFiles/WS2812B.dir/B_/Git-repos/pico-sdk/src/rp2_common/hardware_gpio/gpio.c.obj
                0x10000348                gpio_set_function
 .text.gpio_init
                0x10000378       0x16 CMakeFiles/WS2812B.dir/B_/Git-repos/pico-sdk/src/rp2_common/hardware_gpio/gpio.c.obj
                0x10000378                gpio_init
 *fill*         0x1000038e        0x2 
 .text.hw_claim_lock
                0x10000390       0x18 CMakeFiles/WS2812B.dir/B_/Git-repos/pico-sdk/src/rp2_common/hardware_claim/claim.c.obj
                0x10000390                hw_claim_lock
 .text.hw_claim_unlock
                0x100003a8       0x14 CMakeFiles/WS2812B.dir/B_/Git-repos/pico-sdk/src/rp2_common/hardware_claim/claim.c.obj
                0x100003a8                hw_claim_unlock
 .text.hw_claim_or_assert
                0x100003bc       0x32 CMakeFiles/WS2812B.dir/B_/Git-repos/pico-sdk/src/rp2_common/hardware_claim/claim.c.obj
                0x100003bc                hw_claim_or_assert
 .text.hw_claim_unused_from_range
                0x100003ee       0x50 CMakeFiles/WS2812B.dir/B_/Git-repos/pico-sdk/src/rp2_common/hardware_claim/claim.c.obj
                0x100003ee                hw_claim_unused_from_range
 *fill*         0x1000043e        0x2 
 .text.running_on_fpga
                0x10000440       0x14 CMakeFiles/WS2812B.dir/B_/Git-repos/pico-sdk/src/rp2_common/pico_platform/platform.c.obj
                0x10000440                running_on_fpga
 .text.spin_locks_reset
                0x10000454       0x20 CMakeFiles/WS2812B.dir/B_/Git-repos/pico-sdk/src/rp2_common/hardware_sync/sync.c.obj
                0x10000454                spin_locks_reset
 .text.next_striped_spin_lock_num
                0x10000474       0x1c CMakeFiles/WS2812B.dir/B_/Git-repos/pico-sdk/src/rp2_common/hardware_sync/sync.c.obj
                0x10000474                next_striped_spin_lock_num
 .text.spin_lock_claim_unused
                0x10000490       0x20 CMakeFiles/WS2812B.dir/B_/Git-repos/pico-sdk/src/rp2_common/hardware_sync/sync.c.obj
                0x10000490                spin_lock_claim_unused
 .text.alarm_pool_post_alloc_init
                0x100004b0       0x40 CMakeFiles/WS2812B.dir/B_/Git-repos/pico-sdk/src/common/pico_time/time.c.obj
 .text.sleep_until_callback
                0x100004f0       0x30 CMakeFiles/WS2812B.dir/B_/Git-repos/pico-sdk/src/common/pico_time/time.c.obj
 .text.timer_pool_entry_comparator
                0x10000520       0x7c CMakeFiles/WS2812B.dir/B_/Git-repos/pico-sdk/src/common/pico_time/time.c.obj
                0x10000520                timer_pool_entry_comparator
 .text.ph_add_child_node
                0x1000059c       0xa4 CMakeFiles/WS2812B.dir/B_/Git-repos/pico-sdk/src/common/pico_time/time.c.obj
 .text.ph_merge_nodes
                0x10000640       0x3e CMakeFiles/WS2812B.dir/B_/Git-repos/pico-sdk/src/common/pico_time/time.c.obj
 *fill*         0x1000067e        0x2 
 .text.add_alarm_under_lock
                0x10000680      0x174 CMakeFiles/WS2812B.dir/B_/Git-repos/pico-sdk/src/common/pico_time/time.c.obj
 .text.alarm_pool_alarm_callback
                0x100007f4      0x328 CMakeFiles/WS2812B.dir/B_/Git-repos/pico-sdk/src/common/pico_time/time.c.obj
 .text.alarm_pool_init_default
                0x10000b1c       0x38 CMakeFiles/WS2812B.dir/B_/Git-repos/pico-sdk/src/common/pico_time/time.c.obj
                0x10000b1c                alarm_pool_init_default
 .text.alarm_pool_get_default
                0x10000b54       0x2c CMakeFiles/WS2812B.dir/B_/Git-repos/pico-sdk/src/common/pico_time/time.c.obj
                0x10000b54                alarm_pool_get_default
 .text.alarm_pool_add_alarm_at
                0x10000b80      0x170 CMakeFiles/WS2812B.dir/B_/Git-repos/pico-sdk/src/common/pico_time/time.c.obj
                0x10000b80                alarm_pool_add_alarm_at
 .text.alarm_pool_cancel_alarm
                0x10000cf0       0xf0 CMakeFiles/WS2812B.dir/B_/Git-repos/pico-sdk/src/common/pico_time/time.c.obj
                0x10000cf0                alarm_pool_cancel_alarm
 .text.sleep_until
                0x10000de0       0xfc CMakeFiles/WS2812B.dir/B_/Git-repos/pico-sdk/src/common/pico_time/time.c.obj
                0x10000de0                sleep_until
 .text.sleep_us
                0x10000edc       0x58 CMakeFiles/WS2812B.dir/B_/Git-repos/pico-sdk/src/common/pico_time/time.c.obj
                0x10000edc                sleep_us
 .text.sleep_ms
                0x10000f34       0x14 CMakeFiles/WS2812B.dir/B_/Git-repos/pico-sdk/src/common/pico_time/time.c.obj
                0x10000f34                sleep_ms
 .text.best_effort_wfe_or_timeout
                0x10000f48       0x80 CMakeFiles/WS2812B.dir/B_/Git-repos/pico-sdk/src/common/pico_time/time.c.obj
                0x10000f48                best_effort_wfe_or_timeout
 .text.hardware_alarm_irq_handler
                0x10000fc8       0x8c CMakeFiles/WS2812B.dir/B_/Git-repos/pico-sdk/src/rp2_common/hardware_timer/timer.c.obj
 .text.hardware_alarm_claim
                0x10001054       0x18 CMakeFiles/WS2812B.dir/B_/Git-repos/pico-sdk/src/rp2_common/hardware_timer/timer.c.obj
                0x10001054                hardware_alarm_claim
 .text.time_us_64
                0x1000106c       0x18 CMakeFiles/WS2812B.dir/B_/Git-repos/pico-sdk/src/rp2_common/hardware_timer/timer.c.obj
                0x1000106c                time_us_64
 .text.busy_wait_until
                0x10001084       0x28 CMakeFiles/WS2812B.dir/B_/Git-repos/pico-sdk/src/rp2_common/hardware_timer/timer.c.obj
                0x10001084                busy_wait_until
 .text.hardware_alarm_set_callback
                0x100010ac       0x90 CMakeFiles/WS2812B.dir/B_/Git-repos/pico-sdk/src/rp2_common/hardware_timer/timer.c.obj
                0x100010ac                hardware_alarm_set_callback
 .text.hardware_alarm_set_target
                0x1000113c       0xe8 CMakeFiles/WS2812B.dir/B_/Git-repos/pico-sdk/src/rp2_common/hardware_timer/timer.c.obj
                0x1000113c                hardware_alarm_set_target
 .text.hardware_alarm_cancel
                0x10001224       0x40 CMakeFiles/WS2812B.dir/B_/Git-repos/pico-sdk/src/rp2_common/hardware_timer/timer.c.obj
                0x10001224                hardware_alarm_cancel
 .text.lock_init
                0x10001264       0x10 CMakeFiles/WS2812B.dir/B_/Git-repos/pico-sdk/src/common/pico_sync/lock_core.c.obj
                0x10001264                lock_init
 .text.mutex_init
                0x10001274       0x1a CMakeFiles/WS2812B.dir/B_/Git-repos/pico-sdk/src/common/pico_sync/mutex.c.obj
                0x10001274                mutex_init
 .text.recursive_mutex_init
                0x1000128e       0x1e CMakeFiles/WS2812B.dir/B_/Git-repos/pico-sdk/src/common/pico_sync/mutex.c.obj
                0x1000128e                recursive_mutex_init
 .text.critical_section_init_with_lock_num
                0x100012ac       0x14 CMakeFiles/WS2812B.dir/B_/Git-repos/pico-sdk/src/common/pico_sync/critical_section.c.obj
                0x100012ac                critical_section_init_with_lock_num
 .text.critical_section_init
                0x100012c0       0x14 CMakeFiles/WS2812B.dir/B_/Git-repos/pico-sdk/src/common/pico_sync/critical_section.c.obj
                0x100012c0                critical_section_init
 .text.ph_add_child_node
                0x100012d4       0xa4 CMakeFiles/WS2812B.dir/B_/Git-repos/pico-sdk/src/common/pico_util/pheap.c.obj
 .text.ph_merge_nodes
                0x10001378       0x3e CMakeFiles/WS2812B.dir/B_/Git-repos/pico-sdk/src/common/pico_util/pheap.c.obj
 *fill*         0x100013b6        0x2 
 .text.ph_clear
                0x100013b8       0x70 CMakeFiles/WS2812B.dir/B_/Git-repos/pico-sdk/src/common/pico_util/pheap.c.obj
                0x100013b8                ph_clear
 .text.ph_post_alloc_init
                0x10001428        0xe CMakeFiles/WS2812B.dir/B_/Git-repos/pico-sdk/src/common/pico_util/pheap.c.obj
                0x10001428                ph_post_alloc_init
 *fill*         0x10001436        0x2 
 .text.ph_merge_two_pass
                0x10001438       0xa8 CMakeFiles/WS2812B.dir/B_/Git-repos/pico-sdk/src/common/pico_util/pheap.c.obj
                0x10001438                ph_merge_two_pass
 .text.ph_remove_any_head
                0x100014e0      0x108 CMakeFiles/WS2812B.dir/B_/Git-repos/pico-sdk/src/common/pico_util/pheap.c.obj
 .text.ph_remove_head
                0x100015e8       0x14 CMakeFiles/WS2812B.dir/B_/Git-repos/pico-sdk/src/common/pico_util/pheap.c.obj
                0x100015e8                ph_remove_head
 .text.ph_remove_and_free_node
                0x100015fc       0xf8 CMakeFiles/WS2812B.dir/B_/Git-repos/pico-sdk/src/common/pico_util/pheap.c.obj
                0x100015fc                ph_remove_and_free_node
 .text._exit    0x100016f4        0x4 CMakeFiles/WS2812B.dir/B_/Git-repos/pico-sdk/src/rp2_common/pico_runtime/runtime.c.obj
                0x100016f4                _exit
 .text.exit     0x100016f8        0x6 CMakeFiles/WS2812B.dir/B_/Git-repos/pico-sdk/src/rp2_common/pico_runtime/runtime.c.obj
                0x100016f8                exit
 *fill*         0x100016fe        0x2 
 .text.__assert_func
                0x10001700       0x3c CMakeFiles/WS2812B.dir/B_/Git-repos/pico-sdk/src/rp2_common/pico_runtime/runtime.c.obj
                0x10001700                __assert_func
 .text.runtime_init
                0x1000173c       0xf8 CMakeFiles/WS2812B.dir/B_/Git-repos/pico-sdk/src/rp2_common/pico_runtime/runtime.c.obj
                0x1000173c                runtime_init
 .text.panic    0x10001834       0x30 CMakeFiles/WS2812B.dir/B_/Git-repos/pico-sdk/src/rp2_common/pico_runtime/runtime.c.obj
                0x10001834                panic
 .text.clock_configure
                0x10001864      0x104 CMakeFiles/WS2812B.dir/B_/Git-repos/pico-sdk/src/rp2_common/hardware_clocks/clocks.c.obj
                0x10001864                clock_configure
 .text.clocks_init
                0x10001968      0x100 CMakeFiles/WS2812B.dir/B_/Git-repos/pico-sdk/src/rp2_common/hardware_clocks/clocks.c.obj
                0x10001968                clocks_init
 .text.set_raw_irq_handler_and_unlock
                0x10001a68       0x28 CMakeFiles/WS2812B.dir/B_/Git-repos/pico-sdk/src/rp2_common/hardware_irq/irq.c.obj
 .text.make_branch
                0x10001a90       0x48 CMakeFiles/WS2812B.dir/B_/Git-repos/pico-sdk/src/rp2_common/hardware_irq/irq.c.obj
 .text.insert_branch_and_link
                0x10001ad8       0x40 CMakeFiles/WS2812B.dir/B_/Git-repos/pico-sdk/src/rp2_common/hardware_irq/irq.c.obj
 .text.irq_is_enabled
                0x10001b18       0x18 CMakeFiles/WS2812B.dir/B_/Git-repos/pico-sdk/src/rp2_common/hardware_irq/irq.c.obj
                0x10001b18                irq_is_enabled
 .text.irq_set_mask_enabled
                0x10001b30       0x20 CMakeFiles/WS2812B.dir/B_/Git-repos/pico-sdk/src/rp2_common/hardware_irq/irq.c.obj
                0x10001b30                irq_set_mask_enabled
 .text.irq_set_enabled
                0x10001b50        0xe CMakeFiles/WS2812B.dir/B_/Git-repos/pico-sdk/src/rp2_common/hardware_irq/irq.c.obj
                0x10001b50                irq_set_enabled
 *fill*         0x10001b5e        0x2 
 .text.irq_set_pending
                0x10001b60       0x10 CMakeFiles/WS2812B.dir/B_/Git-repos/pico-sdk/src/rp2_common/hardware_irq/irq.c.obj
                0x10001b60                irq_set_pending
 .text.irq_get_vtable_handler
                0x10001b70       0x10 CMakeFiles/WS2812B.dir/B_/Git-repos/pico-sdk/src/rp2_common/hardware_irq/irq.c.obj
                0x10001b70                irq_get_vtable_handler
 .text.irq_set_exclusive_handler
                0x10001b80       0x54 CMakeFiles/WS2812B.dir/B_/Git-repos/pico-sdk/src/rp2_common/hardware_irq/irq.c.obj
                0x10001b80                irq_set_exclusive_handler
 .text.irq_remove_handler
                0x10001bd4      0x1a8 CMakeFiles/WS2812B.dir/B_/Git-repos/pico-sdk/src/rp2_common/hardware_irq/irq.c.obj
                0x10001bd4                irq_remove_handler
 .text.irq_add_tail_to_free_list
                0x10001d7c       0xf0 CMakeFiles/WS2812B.dir/B_/Git-repos/pico-sdk/src/rp2_common/hardware_irq/irq.c.obj
                0x10001d7c                irq_add_tail_to_free_list
 .text.irq_init_priorities
                0x10001e6c       0x1c CMakeFiles/WS2812B.dir/B_/Git-repos/pico-sdk/src/rp2_common/hardware_irq/irq.c.obj
                0x10001e6c                irq_init_priorities
 .text.pll_init
                0x10001e88      0x120 CMakeFiles/WS2812B.dir/B_/Git-repos/pico-sdk/src/rp2_common/hardware_pll/pll.c.obj
                0x10001e88                pll_init
 .text.watchdog_start_tick
                0x10001fa8       0x10 CMakeFiles/WS2812B.dir/B_/Git-repos/pico-sdk/src/rp2_common/hardware_watchdog/watchdog.c.obj
                0x10001fa8                watchdog_start_tick
 .text.watchdog_update
                0x10001fb8       0x14 CMakeFiles/WS2812B.dir/B_/Git-repos/pico-sdk/src/rp2_common/hardware_watchdog/watchdog.c.obj
                0x10001fb8                watchdog_update
 .text._watchdog_enable
                0x10001fcc       0x78 CMakeFiles/WS2812B.dir/B_/Git-repos/pico-sdk/src/rp2_common/hardware_watchdog/watchdog.c.obj
                0x10001fcc                _watchdog_enable
 .text.watchdog_reboot
                0x10002044       0x48 CMakeFiles/WS2812B.dir/B_/Git-repos/pico-sdk/src/rp2_common/hardware_watchdog/watchdog.c.obj
                0x10002044                watchdog_reboot
 .text.xosc_init
                0x1000208c       0x28 CMakeFiles/WS2812B.dir/B_/Git-repos/pico-sdk/src/rp2_common/hardware_xosc/xosc.c.obj
                0x1000208c                xosc_init
 .text._out_null
                0x100020b4        0x2 CMakeFiles/WS2812B.dir/B_/Git-repos/pico-sdk/src/rp2_common/pico_printf/printf.c.obj
 .text._out_fct
                0x100020b6        0xe CMakeFiles/WS2812B.dir/B_/Git-repos/pico-sdk/src/rp2_common/pico_printf/printf.c.obj
 .text._atoi    0x100020c4       0x24 CMakeFiles/WS2812B.dir/B_/Git-repos/pico-sdk/src/rp2_common/pico_printf/printf.c.obj
 .text._out_rev
                0x100020e8       0xae CMakeFiles/WS2812B.dir/B_/Git-repos/pico-sdk/src/rp2_common/pico_printf/printf.c.obj
 .text._ntoa_format
                0x10002196      0x112 CMakeFiles/WS2812B.dir/B_/Git-repos/pico-sdk/src/rp2_common/pico_printf/printf.c.obj
 .text._ntoa_long
                0x100022a8       0xbc CMakeFiles/WS2812B.dir/B_/Git-repos/pico-sdk/src/rp2_common/pico_printf/printf.c.obj
 .text._ntoa_long_long
                0x10002364       0xe2 CMakeFiles/WS2812B.dir/B_/Git-repos/pico-sdk/src/rp2_common/pico_printf/printf.c.obj
 *fill*         0x10002446        0x2 
 .text._etoa    0x10002448      0x414 CMakeFiles/WS2812B.dir/B_/Git-repos/pico-sdk/src/rp2_common/pico_printf/printf.c.obj
 .text._ftoa    0x1000285c      0x354 CMakeFiles/WS2812B.dir/B_/Git-repos/pico-sdk/src/rp2_common/pico_printf/printf.c.obj
 .text._vsnprintf
                0x10002bb0      0x624 CMakeFiles/WS2812B.dir/B_/Git-repos/pico-sdk/src/rp2_common/pico_printf/printf.c.obj
 .text.vfctprintf
                0x100031d4       0x20 CMakeFiles/WS2812B.dir/B_/Git-repos/pico-sdk/src/rp2_common/pico_printf/printf.c.obj
                0x100031d4                vfctprintf
 .text          0x100031f4       0x10 CMakeFiles/WS2812B.dir/B_/Git-repos/pico-sdk/src/rp2_common/pico_bit_ops/bit_ops_aeabi.S.obj
 .text.rom_func_lookup
                0x10003204       0x10 CMakeFiles/WS2812B.dir/B_/Git-repos/pico-sdk/src/rp2_common/pico_bootrom/bootrom.c.obj
                0x10003204                rom_func_lookup
 .text.rom_data_lookup
                0x10003214       0x10 CMakeFiles/WS2812B.dir/B_/Git-repos/pico-sdk/src/rp2_common/pico_bootrom/bootrom.c.obj
                0x10003214                rom_data_lookup
 .text.rom_funcs_lookup
                0x10003224       0x36 CMakeFiles/WS2812B.dir/B_/Git-repos/pico-sdk/src/rp2_common/pico_bootrom/bootrom.c.obj
                0x10003224                rom_funcs_lookup
 *fill*         0x1000325a        0x2 
 .text.__wrap___aeabi_idiv
                0x1000325c       0x50 CMakeFiles/WS2812B.dir/B_/Git-repos/pico-sdk/src/rp2_common/pico_divider/divider.S.obj
                0x1000325c                __wrap___aeabi_idivmod
                0x1000325c                divmod_s32s32
                0x1000325c                div_s32s32
                0x1000325c                __wrap___aeabi_idiv
                0x10003264                divmod_s32s32_unsafe
                0x10003290                divmod_s32s32_savestate
 .text.__wrap___aeabi_uidiv
                0x100032ac       0x4c CMakeFiles/WS2812B.dir/B_/Git-repos/pico-sdk/src/rp2_common/pico_divider/divider.S.obj
                0x100032ac                __wrap___aeabi_uidiv
                0x100032ac                __wrap___aeabi_uidivmod
                0x100032ac                div_u32u32
                0x100032ac                divmod_u32u32
                0x100032b4                divmod_u32u32_unsafe
                0x100032dc                divmod_u32u32_savestate
 .text.__wrap___aeabi_ldiv
                0x100032f8      0x434 CMakeFiles/WS2812B.dir/B_/Git-repos/pico-sdk/src/rp2_common/pico_divider/divider.S.obj
                0x100032f8                div_s64s64
                0x100032f8                divmod_s64s64
                0x100032f8                __wrap___aeabi_ldivmod
                0x10003330                divmod_u64u64
                0x10003330                div_u64u64
                0x10003330                __wrap___aeabi_uldivmod
                0x10003340                divmod_u64u64_savestate
                0x10003368                divmod_s64s64_unsafe
                0x100033f0                divmod_u64u64_unsafe
 .text.__wrap___aeabi_darithmetic
                0x1000372c       0x80 CMakeFiles/WS2812B.dir/B_/Git-repos/pico-sdk/src/rp2_common/pico_double/double_aeabi.S.obj
                0x1000372c                __wrap___aeabi_drsub
                0x10003732                __wrap___aeabi_dsub
                0x10003744                __wrap___aeabi_dadd
                0x10003756                __wrap___aeabi_ddiv
                0x10003792                __wrap___aeabi_dmul
 .text.__wrap___aeabi_cdcmple
                0x100037ac       0x6c CMakeFiles/WS2812B.dir/B_/Git-repos/pico-sdk/src/rp2_common/pico_double/double_aeabi.S.obj
                0x100037ac                __wrap___aeabi_cdrcmple
                0x100037bc                __wrap___aeabi_cdcmpeq
                0x100037bc                __wrap___aeabi_cdcmple
 .text.__wrap___aeabi_dcmplt
                0x10003818        0xc CMakeFiles/WS2812B.dir/B_/Git-repos/pico-sdk/src/rp2_common/pico_double/double_aeabi.S.obj
                0x10003818                __wrap___aeabi_dcmplt
 .text.__wrap___aeabi_dcmple
                0x10003824       0x10 CMakeFiles/WS2812B.dir/B_/Git-repos/pico-sdk/src/rp2_common/pico_double/double_aeabi.S.obj
                0x10003824                __wrap___aeabi_dcmple
 .text.__wrap___aeabi_dcmpge
                0x10003834       0x10 CMakeFiles/WS2812B.dir/B_/Git-repos/pico-sdk/src/rp2_common/pico_double/double_aeabi.S.obj
                0x10003834                __wrap___aeabi_dcmpge
 .text.__wrap___aeabi_dcmpgt
                0x10003844        0xa CMakeFiles/WS2812B.dir/B_/Git-repos/pico-sdk/src/rp2_common/pico_double/double_aeabi.S.obj
                0x10003844                __wrap___aeabi_dcmpgt
 .text.__wrap___aeabi_dcmpun
                0x1000384e       0x1c CMakeFiles/WS2812B.dir/B_/Git-repos/pico-sdk/src/rp2_common/pico_double/double_aeabi.S.obj
                0x1000384e                __wrap___aeabi_dcmpun
 *fill*         0x1000386a        0x2 
 .text.__wrap___aeabi_i2d
                0x1000386c       0x38 CMakeFiles/WS2812B.dir/B_/Git-repos/pico-sdk/src/rp2_common/pico_double/double_aeabi.S.obj
                0x1000386c                __wrap___aeabi_ui2d
                0x10003874                __wrap___aeabi_i2d
 .text.__wrap___aeabi_d2iz
                0x100038a4       0x48 CMakeFiles/WS2812B.dir/B_/Git-repos/pico-sdk/src/rp2_common/pico_double/double_aeabi.S.obj
                0x100038a4                double2int_z
                0x100038a4                __wrap___aeabi_d2iz
 .text.__wrap___aeabi_d2uiz
                0x100038ec       0x18 CMakeFiles/WS2812B.dir/B_/Git-repos/pico-sdk/src/rp2_common/pico_double/double_aeabi.S.obj
                0x100038ec                __wrap___aeabi_d2uiz
                0x100038ec                double2uint
 .text.__aeabi_double_init
                0x10003904       0xc8 CMakeFiles/WS2812B.dir/B_/Git-repos/pico-sdk/src/rp2_common/pico_double/double_init_rom.c.obj
                0x10003904                __aeabi_double_init
 .text.double_table_shim_on_use_helper
                0x100039cc       0x34 CMakeFiles/WS2812B.dir/B_/Git-repos/pico-sdk/src/rp2_common/pico_double/double_v1_rom_shim.S.obj
                0x100039cc                double_table_shim_on_use_helper
 .text.__wrap___aeabi_dsub
                0x10003a00       0x10 CMakeFiles/WS2812B.dir/B_/Git-repos/pico-sdk/src/rp2_common/pico_double/double_v1_rom_shim.S.obj
                0x10003a00                drsub_shim
                0x10003a06                dsub_shim
 .text.dadd_shim
                0x10003a10      0x15c CMakeFiles/WS2812B.dir/B_/Git-repos/pico-sdk/src/rp2_common/pico_double/double_v1_rom_shim.S.obj
                0x10003a10                dadd_shim
 .text.dmul_shim
                0x10003b6c      0x15c CMakeFiles/WS2812B.dir/B_/Git-repos/pico-sdk/src/rp2_common/pico_double/double_v1_rom_shim.S.obj
                0x10003b6c                dmul_shim
 .text.ddiv_shim
                0x10003cc8      0x1b0 CMakeFiles/WS2812B.dir/B_/Git-repos/pico-sdk/src/rp2_common/pico_double/double_v1_rom_shim.S.obj
                0x10003cc8                ddiv_shim
 .text.double2uint_shim
                0x10003e78        0xe CMakeFiles/WS2812B.dir/B_/Git-repos/pico-sdk/src/rp2_common/pico_double/double_v1_rom_shim.S.obj
                0x10003e78                double2uint_shim
                0x10003e7a                double2ufix_shim
 *fill*         0x10003e86        0x2 
 .text.double2uint64_shim
                0x10003e88       0x70 CMakeFiles/WS2812B.dir/B_/Git-repos/pico-sdk/src/rp2_common/pico_double/double_v1_rom_shim.S.obj
                0x10003e88                double2uint64_shim
                0x10003e8a                double2ufix64_shim
                0x10003eaa                d2fix_a
 .text.dunpacks
                0x10003ef8       0x3c CMakeFiles/WS2812B.dir/B_/Git-repos/pico-sdk/src/rp2_common/pico_double/double_v1_rom_shim.S.obj
                0x10003ef8                dunpacks
 .text.__aeabi_lmul
                0x10003f34       0x32 CMakeFiles/WS2812B.dir/B_/Git-repos/pico-sdk/src/rp2_common/pico_int64_ops/pico_int64_ops_aeabi.S.obj
                0x10003f34                __wrap___aeabi_lmul
 *fill*         0x10003f66        0x2 
 .text.__aeabi_float_init
                0x10003f68       0xfc CMakeFiles/WS2812B.dir/B_/Git-repos/pico-sdk/src/rp2_common/pico_float/float_init_rom.c.obj
                0x10003f68                __aeabi_float_init
 .text.float_table_shim_on_use_helper
                0x10004064       0x34 CMakeFiles/WS2812B.dir/B_/Git-repos/pico-sdk/src/rp2_common/pico_float/float_v1_rom_shim.S.obj
                0x10004064                float_table_shim_on_use_helper
 .text          0x10004098       0x10 CMakeFiles/WS2812B.dir/B_/Git-repos/pico-sdk/src/rp2_common/pico_mem_ops/mem_ops_aeabi.S.obj
                0x10004098                __aeabi_mem_init
 .text.memset   0x100040a8        0xc CMakeFiles/WS2812B.dir/B_/Git-repos/pico-sdk/src/rp2_common/pico_mem_ops/mem_ops_aeabi.S.obj
                0x100040a8                __wrap_memset
 .text.memcpy   0x100040b4        0xc CMakeFiles/WS2812B.dir/B_/Git-repos/pico-sdk/src/rp2_common/pico_mem_ops/mem_ops_aeabi.S.obj
                0x100040b4                __wrap_memcpy
                0x100040b4                __wrap___aeabi_memcpy
 .text.stdio_out_chars_no_crlf
                0x100040c0        0xe CMakeFiles/WS2812B.dir/B_/Git-repos/pico-sdk/src/rp2_common/pico_stdio/stdio.c.obj
 *fill*         0x100040ce        0x2 
 .text.stdio_out_chars_crlf
                0x100040d0       0x80 CMakeFiles/WS2812B.dir/B_/Git-repos/pico-sdk/src/rp2_common/pico_stdio/stdio.c.obj
 .text.stdio_stack_buffer_flush
                0x10004150       0x44 CMakeFiles/WS2812B.dir/B_/Git-repos/pico-sdk/src/rp2_common/pico_stdio/stdio.c.obj
 .text.stdio_buffered_printer
                0x10004194       0x20 CMakeFiles/WS2812B.dir/B_/Git-repos/pico-sdk/src/rp2_common/pico_stdio/stdio.c.obj
 .text.stdout_serialize_begin
                0x100041b4       0x30 CMakeFiles/WS2812B.dir/B_/Git-repos/pico-sdk/src/rp2_common/pico_stdio/stdio.c.obj
                0x100041b4                stdout_serialize_begin
 .text.stdout_serialize_end
                0x100041e4       0x10 CMakeFiles/WS2812B.dir/B_/Git-repos/pico-sdk/src/rp2_common/pico_stdio/stdio.c.obj
                0x100041e4                stdout_serialize_end
 .text.stdio_put_string
                0x100041f4       0x98 CMakeFiles/WS2812B.dir/B_/Git-repos/pico-sdk/src/rp2_common/pico_stdio/stdio.c.obj
 .text.stdio_set_driver_enabled
                0x1000428c       0x2c CMakeFiles/WS2812B.dir/B_/Git-repos/pico-sdk/src/rp2_common/pico_stdio/stdio.c.obj
                0x1000428c                stdio_set_driver_enabled
 .text.stdio_flush
                0x100042b8       0x20 CMakeFiles/WS2812B.dir/B_/Git-repos/pico-sdk/src/rp2_common/pico_stdio/stdio.c.obj
                0x100042b8                stdio_flush
 .text.__wrap_puts
                0x100042d8       0x1e CMakeFiles/WS2812B.dir/B_/Git-repos/pico-sdk/src/rp2_common/pico_stdio/stdio.c.obj
                0x100042d8                __wrap_puts
 *fill*         0x100042f6        0x2 
 .text.__wrap_vprintf
                0x100042f8       0x44 CMakeFiles/WS2812B.dir/B_/Git-repos/pico-sdk/src/rp2_common/pico_stdio/stdio.c.obj
                0x100042f8                __wrap_vprintf
 .text.__wrap_printf
                0x1000433c       0x18 CMakeFiles/WS2812B.dir/B_/Git-repos/pico-sdk/src/rp2_common/pico_stdio/stdio.c.obj
                0x1000433c                __wrap_printf
 .text.stdio_init_all
                0x10004354        0x8 CMakeFiles/WS2812B.dir/B_/Git-repos/pico-sdk/src/rp2_common/pico_stdio/stdio.c.obj
                0x10004354                stdio_init_all
 .text.resetd_init
                0x1000435c        0x2 CMakeFiles/WS2812B.dir/B_/Git-repos/pico-sdk/src/rp2_common/pico_stdio_usb/reset_interface.c.obj
 *fill*         0x1000435e        0x2 
 .text.resetd_reset
                0x10004360        0xc CMakeFiles/WS2812B.dir/B_/Git-repos/pico-sdk/src/rp2_common/pico_stdio_usb/reset_interface.c.obj
 .text.resetd_open
                0x1000436c       0x34 CMakeFiles/WS2812B.dir/B_/Git-repos/pico-sdk/src/rp2_common/pico_stdio_usb/reset_interface.c.obj
 .text.resetd_xfer_cb
                0x100043a0        0x4 CMakeFiles/WS2812B.dir/B_/Git-repos/pico-sdk/src/rp2_common/pico_stdio_usb/reset_interface.c.obj
 .text.reset_usb_boot
                0x100043a4       0x18 CMakeFiles/WS2812B.dir/B_/Git-repos/pico-sdk/src/rp2_common/pico_stdio_usb/reset_interface.c.obj
 .text.resetd_control_xfer_cb
                0x100043bc       0x5c CMakeFiles/WS2812B.dir/B_/Git-repos/pico-sdk/src/rp2_common/pico_stdio_usb/reset_interface.c.obj
 .text.usbd_app_driver_get_cb
                0x10004418        0xc CMakeFiles/WS2812B.dir/B_/Git-repos/pico-sdk/src/rp2_common/pico_stdio_usb/reset_interface.c.obj
                0x10004418                usbd_app_driver_get_cb
 .text.tud_cdc_line_coding_cb
                0x10004424       0x28 CMakeFiles/WS2812B.dir/B_/Git-repos/pico-sdk/src/rp2_common/pico_stdio_usb/reset_interface.c.obj
                0x10004424                tud_cdc_line_coding_cb
 .text.stdio_usb_in_chars
                0x1000444c       0x70 CMakeFiles/WS2812B.dir/B_/Git-repos/pico-sdk/src/rp2_common/pico_stdio_usb/stdio_usb.c.obj
                0x1000444c                stdio_usb_in_chars
 .text.low_priority_worker_irq
                0x100044bc       0x20 CMakeFiles/WS2812B.dir/B_/Git-repos/pico-sdk/src/rp2_common/pico_stdio_usb/stdio_usb.c.obj
 .text.stdio_usb_out_chars
                0x100044dc       0xd4 CMakeFiles/WS2812B.dir/B_/Git-repos/pico-sdk/src/rp2_common/pico_stdio_usb/stdio_usb.c.obj
 .text.timer_task
                0x100045b0       0x10 CMakeFiles/WS2812B.dir/B_/Git-repos/pico-sdk/src/rp2_common/pico_stdio_usb/stdio_usb.c.obj
 .text.stdio_usb_init
                0x100045c0       0xb8 CMakeFiles/WS2812B.dir/B_/Git-repos/pico-sdk/src/rp2_common/pico_stdio_usb/stdio_usb.c.obj
                0x100045c0                stdio_usb_init
 .text.tud_descriptor_device_cb
                0x10004678        0x8 CMakeFiles/WS2812B.dir/B_/Git-repos/pico-sdk/src/rp2_common/pico_stdio_usb/stdio_usb_descriptors.c.obj
                0x10004678                tud_descriptor_device_cb
 .text.tud_descriptor_configuration_cb
                0x10004680        0x8 CMakeFiles/WS2812B.dir/B_/Git-repos/pico-sdk/src/rp2_common/pico_stdio_usb/stdio_usb_descriptors.c.obj
                0x10004680                tud_descriptor_configuration_cb
 .text.tud_descriptor_string_cb
                0x10004688       0x6c CMakeFiles/WS2812B.dir/B_/Git-repos/pico-sdk/src/rp2_common/pico_stdio_usb/stdio_usb_descriptors.c.obj
                0x10004688                tud_descriptor_string_cb
 .text.hw_endpoint_get_by_addr
                0x100046f4       0x18 CMakeFiles/WS2812B.dir/B_/Git-repos/pico-sdk/lib/tinyusb/src/portable/raspberrypi/rp2040/dcd_rp2040.c.obj
 .text.reset_ep0_pid
                0x1000470c       0x28 CMakeFiles/WS2812B.dir/B_/Git-repos/pico-sdk/lib/tinyusb/src/portable/raspberrypi/rp2040/dcd_rp2040.c.obj
 .text._hw_endpoint_alloc
                0x10004734       0x70 CMakeFiles/WS2812B.dir/B_/Git-repos/pico-sdk/lib/tinyusb/src/portable/raspberrypi/rp2040/dcd_rp2040.c.obj
 .text.hw_endpoint_init
                0x100047a4       0x88 CMakeFiles/WS2812B.dir/B_/Git-repos/pico-sdk/lib/tinyusb/src/portable/raspberrypi/rp2040/dcd_rp2040.c.obj
 .text.reset_non_control_endpoints
                0x1000482c       0x40 CMakeFiles/WS2812B.dir/B_/Git-repos/pico-sdk/lib/tinyusb/src/portable/raspberrypi/rp2040/dcd_rp2040.c.obj
 .text.hw_handle_buff_status
                0x1000486c       0x8c CMakeFiles/WS2812B.dir/B_/Git-repos/pico-sdk/lib/tinyusb/src/portable/raspberrypi/rp2040/dcd_rp2040.c.obj
 .text.dcd_rp2040_irq
                0x100048f8       0xc0 CMakeFiles/WS2812B.dir/B_/Git-repos/pico-sdk/lib/tinyusb/src/portable/raspberrypi/rp2040/dcd_rp2040.c.obj
 .text.hw_endpoint_xfer
                0x100049b8       0x14 CMakeFiles/WS2812B.dir/B_/Git-repos/pico-sdk/lib/tinyusb/src/portable/raspberrypi/rp2040/dcd_rp2040.c.obj
 .text.dcd_int_enable
                0x100049cc       0x2c CMakeFiles/WS2812B.dir/B_/Git-repos/pico-sdk/lib/tinyusb/src/portable/raspberrypi/rp2040/dcd_rp2040.c.obj
                0x100049cc                dcd_int_enable
 .text.dcd_set_address
                0x100049f8       0x2c CMakeFiles/WS2812B.dir/B_/Git-repos/pico-sdk/lib/tinyusb/src/portable/raspberrypi/rp2040/dcd_rp2040.c.obj
                0x100049f8                dcd_set_address
 .text.dcd_connect
                0x10004a24       0x10 CMakeFiles/WS2812B.dir/B_/Git-repos/pico-sdk/lib/tinyusb/src/portable/raspberrypi/rp2040/dcd_rp2040.c.obj
                0x10004a24                dcd_connect
 .text.dcd_init
                0x10004a34       0x7c CMakeFiles/WS2812B.dir/B_/Git-repos/pico-sdk/lib/tinyusb/src/portable/raspberrypi/rp2040/dcd_rp2040.c.obj
                0x10004a34                dcd_init
 .text.dcd_edpt0_status_complete
                0x10004ab0       0x1c CMakeFiles/WS2812B.dir/B_/Git-repos/pico-sdk/lib/tinyusb/src/portable/raspberrypi/rp2040/dcd_rp2040.c.obj
                0x10004ab0                dcd_edpt0_status_complete
 .text.dcd_edpt_open
                0x10004acc       0x40 CMakeFiles/WS2812B.dir/B_/Git-repos/pico-sdk/lib/tinyusb/src/portable/raspberrypi/rp2040/dcd_rp2040.c.obj
                0x10004acc                dcd_edpt_open
 .text.dcd_edpt_close_all
                0x10004b0c        0x8 CMakeFiles/WS2812B.dir/B_/Git-repos/pico-sdk/lib/tinyusb/src/portable/raspberrypi/rp2040/dcd_rp2040.c.obj
                0x10004b0c                dcd_edpt_close_all
 .text.dcd_edpt_xfer
                0x10004b14       0x30 CMakeFiles/WS2812B.dir/B_/Git-repos/pico-sdk/lib/tinyusb/src/portable/raspberrypi/rp2040/dcd_rp2040.c.obj
                0x10004b14                dcd_edpt_xfer
 .text.dcd_edpt_stall
                0x10004b44       0x2c CMakeFiles/WS2812B.dir/B_/Git-repos/pico-sdk/lib/tinyusb/src/portable/raspberrypi/rp2040/dcd_rp2040.c.obj
                0x10004b44                dcd_edpt_stall
 .text.dcd_edpt_clear_stall
                0x10004b70       0x20 CMakeFiles/WS2812B.dir/B_/Git-repos/pico-sdk/lib/tinyusb/src/portable/raspberrypi/rp2040/dcd_rp2040.c.obj
                0x10004b70                dcd_edpt_clear_stall
 .text.prepare_ep_buffer
                0x10004b90       0x70 CMakeFiles/WS2812B.dir/B_/Git-repos/pico-sdk/lib/tinyusb/src/portable/raspberrypi/rp2040/rp2040_usb.c.obj
 .text.sync_ep_buffer
                0x10004c00       0x7c CMakeFiles/WS2812B.dir/B_/Git-repos/pico-sdk/lib/tinyusb/src/portable/raspberrypi/rp2040/rp2040_usb.c.obj
 .text._hw_endpoint_xfer_sync
                0x10004c7c       0x28 CMakeFiles/WS2812B.dir/B_/Git-repos/pico-sdk/lib/tinyusb/src/portable/raspberrypi/rp2040/rp2040_usb.c.obj
 .text.rp2040_usb_init
                0x10004ca4       0x4c CMakeFiles/WS2812B.dir/B_/Git-repos/pico-sdk/lib/tinyusb/src/portable/raspberrypi/rp2040/rp2040_usb.c.obj
                0x10004ca4                rp2040_usb_init
 .text.hw_endpoint_reset_transfer
                0x10004cf0        0xc CMakeFiles/WS2812B.dir/B_/Git-repos/pico-sdk/lib/tinyusb/src/portable/raspberrypi/rp2040/rp2040_usb.c.obj
                0x10004cf0                hw_endpoint_reset_transfer
 .text._hw_endpoint_buffer_control_update32
                0x10004cfc       0x58 CMakeFiles/WS2812B.dir/B_/Git-repos/pico-sdk/lib/tinyusb/src/portable/raspberrypi/rp2040/rp2040_usb.c.obj
                0x10004cfc                _hw_endpoint_buffer_control_update32
 .text._hw_endpoint_start_next_buffer
                0x10004d54       0x74 CMakeFiles/WS2812B.dir/B_/Git-repos/pico-sdk/lib/tinyusb/src/portable/raspberrypi/rp2040/rp2040_usb.c.obj
 .text.hw_endpoint_xfer_start
                0x10004dc8       0x48 CMakeFiles/WS2812B.dir/B_/Git-repos/pico-sdk/lib/tinyusb/src/portable/raspberrypi/rp2040/rp2040_usb.c.obj
                0x10004dc8                hw_endpoint_xfer_start
 .text.hw_endpoint_xfer_continue
                0x10004e10       0x38 CMakeFiles/WS2812B.dir/B_/Git-repos/pico-sdk/lib/tinyusb/src/portable/raspberrypi/rp2040/rp2040_usb.c.obj
                0x10004e10                hw_endpoint_xfer_continue
 .text.configuration_reset
                0x10004e48       0x84 CMakeFiles/WS2812B.dir/B_/Git-repos/pico-sdk/lib/tinyusb/src/device/usbd.c.obj
 .text.usbd_reset
                0x10004ecc        0xc CMakeFiles/WS2812B.dir/B_/Git-repos/pico-sdk/lib/tinyusb/src/device/usbd.c.obj
 .text.invoke_class_control
                0x10004ed8       0x1a CMakeFiles/WS2812B.dir/B_/Git-repos/pico-sdk/lib/tinyusb/src/device/usbd.c.obj
 *fill*         0x10004ef2        0x2 
 .text.process_set_config
                0x10004ef4      0x1b0 CMakeFiles/WS2812B.dir/B_/Git-repos/pico-sdk/lib/tinyusb/src/device/usbd.c.obj
 .text.process_get_descriptor
                0x100050a4       0xec CMakeFiles/WS2812B.dir/B_/Git-repos/pico-sdk/lib/tinyusb/src/device/usbd.c.obj
 .text.tud_mounted
                0x10005190       0x10 CMakeFiles/WS2812B.dir/B_/Git-repos/pico-sdk/lib/tinyusb/src/device/usbd.c.obj
                0x10005190                tud_mounted
 .text.tud_suspended
                0x100051a0       0x10 CMakeFiles/WS2812B.dir/B_/Git-repos/pico-sdk/lib/tinyusb/src/device/usbd.c.obj
                0x100051a0                tud_suspended
 .text.tud_inited
                0x100051b0        0xc CMakeFiles/WS2812B.dir/B_/Git-repos/pico-sdk/lib/tinyusb/src/device/usbd.c.obj
                0x100051b0                tud_inited
 .text.tud_init
                0x100051bc       0xcc CMakeFiles/WS2812B.dir/B_/Git-repos/pico-sdk/lib/tinyusb/src/device/usbd.c.obj
                0x100051bc                tud_init
 .text.dcd_event_handler
                0x10005288      0x1e0 CMakeFiles/WS2812B.dir/B_/Git-repos/pico-sdk/lib/tinyusb/src/device/usbd.c.obj
                0x10005288                dcd_event_handler
 .text.dcd_event_bus_signal
                0x10005468       0x26 CMakeFiles/WS2812B.dir/B_/Git-repos/pico-sdk/lib/tinyusb/src/device/usbd.c.obj
                0x10005468                dcd_event_bus_signal
 .text.dcd_event_bus_reset
                0x1000548e       0x2a CMakeFiles/WS2812B.dir/B_/Git-repos/pico-sdk/lib/tinyusb/src/device/usbd.c.obj
                0x1000548e                dcd_event_bus_reset
 .text.dcd_event_setup_received
                0x100054b8       0x34 CMakeFiles/WS2812B.dir/B_/Git-repos/pico-sdk/lib/tinyusb/src/device/usbd.c.obj
                0x100054b8                dcd_event_setup_received
 .text.dcd_event_xfer_complete
                0x100054ec       0x44 CMakeFiles/WS2812B.dir/B_/Git-repos/pico-sdk/lib/tinyusb/src/device/usbd.c.obj
                0x100054ec                dcd_event_xfer_complete
 .text.usbd_edpt_open
                0x10005530       0x58 CMakeFiles/WS2812B.dir/B_/Git-repos/pico-sdk/lib/tinyusb/src/device/usbd.c.obj
                0x10005530                usbd_edpt_open
 .text.usbd_open_edpt_pair
                0x10005588       0x8c CMakeFiles/WS2812B.dir/B_/Git-repos/pico-sdk/lib/tinyusb/src/device/usbd.c.obj
                0x10005588                usbd_open_edpt_pair
 .text.usbd_edpt_claim
                0x10005614       0x8c CMakeFiles/WS2812B.dir/B_/Git-repos/pico-sdk/lib/tinyusb/src/device/usbd.c.obj
                0x10005614                usbd_edpt_claim
 .text.usbd_edpt_release
                0x100056a0       0x68 CMakeFiles/WS2812B.dir/B_/Git-repos/pico-sdk/lib/tinyusb/src/device/usbd.c.obj
                0x100056a0                usbd_edpt_release
 .text.usbd_edpt_xfer
                0x10005708       0x80 CMakeFiles/WS2812B.dir/B_/Git-repos/pico-sdk/lib/tinyusb/src/device/usbd.c.obj
                0x10005708                usbd_edpt_xfer
 .text.usbd_edpt_stall
                0x10005788       0x40 CMakeFiles/WS2812B.dir/B_/Git-repos/pico-sdk/lib/tinyusb/src/device/usbd.c.obj
                0x10005788                usbd_edpt_stall
 .text.usbd_edpt_clear_stall
                0x100057c8       0x40 CMakeFiles/WS2812B.dir/B_/Git-repos/pico-sdk/lib/tinyusb/src/device/usbd.c.obj
                0x100057c8                usbd_edpt_clear_stall
 .text.usbd_edpt_stalled
                0x10005808       0x1c CMakeFiles/WS2812B.dir/B_/Git-repos/pico-sdk/lib/tinyusb/src/device/usbd.c.obj
                0x10005808                usbd_edpt_stalled
 .text.process_control_request
                0x10005824      0x3b8 CMakeFiles/WS2812B.dir/B_/Git-repos/pico-sdk/lib/tinyusb/src/device/usbd.c.obj
 .text.tud_task
                0x10005bdc      0x218 CMakeFiles/WS2812B.dir/B_/Git-repos/pico-sdk/lib/tinyusb/src/device/usbd.c.obj
                0x10005bdc                tud_task
 .text._data_stage_xact
                0x10005df4       0x58 CMakeFiles/WS2812B.dir/B_/Git-repos/pico-sdk/lib/tinyusb/src/device/usbd_control.c.obj
 .text.tud_control_status
                0x10005e4c       0x38 CMakeFiles/WS2812B.dir/B_/Git-repos/pico-sdk/lib/tinyusb/src/device/usbd_control.c.obj
                0x10005e4c                tud_control_status
 .text.tud_control_xfer
                0x10005e84       0xa8 CMakeFiles/WS2812B.dir/B_/Git-repos/pico-sdk/lib/tinyusb/src/device/usbd_control.c.obj
                0x10005e84                tud_control_xfer
 .text.usbd_control_reset
                0x10005f2c       0x14 CMakeFiles/WS2812B.dir/B_/Git-repos/pico-sdk/lib/tinyusb/src/device/usbd_control.c.obj
                0x10005f2c                usbd_control_reset
 .text.usbd_control_set_complete_callback
                0x10005f40        0xc CMakeFiles/WS2812B.dir/B_/Git-repos/pico-sdk/lib/tinyusb/src/device/usbd_control.c.obj
                0x10005f40                usbd_control_set_complete_callback
 .text.usbd_control_set_request
                0x10005f4c       0x1c CMakeFiles/WS2812B.dir/B_/Git-repos/pico-sdk/lib/tinyusb/src/device/usbd_control.c.obj
                0x10005f4c                usbd_control_set_request
 .text.usbd_control_xfer_cb
                0x10005f68       0xfc CMakeFiles/WS2812B.dir/B_/Git-repos/pico-sdk/lib/tinyusb/src/device/usbd_control.c.obj
                0x10005f68                usbd_control_xfer_cb
 .text._prep_out_transaction
                0x10006064       0x46 CMakeFiles/WS2812B.dir/B_/Git-repos/pico-sdk/lib/tinyusb/src/class/cdc/cdc_device.c.obj
 *fill*         0x100060aa        0x2 
 .text.tud_cdc_n_connected
                0x100060ac       0x44 CMakeFiles/WS2812B.dir/B_/Git-repos/pico-sdk/lib/tinyusb/src/class/cdc/cdc_device.c.obj
                0x100060ac                tud_cdc_n_connected
 .text.tud_cdc_n_available
                0x100060f0       0x18 CMakeFiles/WS2812B.dir/B_/Git-repos/pico-sdk/lib/tinyusb/src/class/cdc/cdc_device.c.obj
                0x100060f0                tud_cdc_n_available
 .text.tud_cdc_n_read
                0x10006108       0x28 CMakeFiles/WS2812B.dir/B_/Git-repos/pico-sdk/lib/tinyusb/src/class/cdc/cdc_device.c.obj
                0x10006108                tud_cdc_n_read
 .text.tud_cdc_n_write_flush
                0x10006130       0xcc CMakeFiles/WS2812B.dir/B_/Git-repos/pico-sdk/lib/tinyusb/src/class/cdc/cdc_device.c.obj
                0x10006130                tud_cdc_n_write_flush
 .text.tud_cdc_n_write
                0x100061fc       0x38 CMakeFiles/WS2812B.dir/B_/Git-repos/pico-sdk/lib/tinyusb/src/class/cdc/cdc_device.c.obj
                0x100061fc                tud_cdc_n_write
 .text.tud_cdc_n_write_available
                0x10006234       0x1c CMakeFiles/WS2812B.dir/B_/Git-repos/pico-sdk/lib/tinyusb/src/class/cdc/cdc_device.c.obj
                0x10006234                tud_cdc_n_write_available
 .text.cdcd_init
                0x10006250       0xbc CMakeFiles/WS2812B.dir/B_/Git-repos/pico-sdk/lib/tinyusb/src/class/cdc/cdc_device.c.obj
                0x10006250                cdcd_init
 .text.cdcd_reset
                0x1000630c       0x44 CMakeFiles/WS2812B.dir/B_/Git-repos/pico-sdk/lib/tinyusb/src/class/cdc/cdc_device.c.obj
                0x1000630c                cdcd_reset
 .text.cdcd_open
                0x10006350       0xf8 CMakeFiles/WS2812B.dir/B_/Git-repos/pico-sdk/lib/tinyusb/src/class/cdc/cdc_device.c.obj
                0x10006350                cdcd_open
 .text.cdcd_control_xfer_cb
                0x10006448      0x134 CMakeFiles/WS2812B.dir/B_/Git-repos/pico-sdk/lib/tinyusb/src/class/cdc/cdc_device.c.obj
                0x10006448                cdcd_control_xfer_cb
 .text.cdcd_xfer_cb
                0x1000657c      0x144 CMakeFiles/WS2812B.dir/B_/Git-repos/pico-sdk/lib/tinyusb/src/class/cdc/cdc_device.c.obj
                0x1000657c                cdcd_xfer_cb
 .text.tusb_init
                0x100066c0       0x24 CMakeFiles/WS2812B.dir/B_/Git-repos/pico-sdk/lib/tinyusb/src/tusb.c.obj
                0x100066c0                tusb_init
 .text.tusb_inited
                0x100066e4        0xe CMakeFiles/WS2812B.dir/B_/Git-repos/pico-sdk/lib/tinyusb/src/tusb.c.obj
                0x100066e4                tusb_inited
 *fill*         0x100066f2        0x2 
 .text.tu_edpt_validate
                0x100066f4       0xa8 CMakeFiles/WS2812B.dir/B_/Git-repos/pico-sdk/lib/tinyusb/src/tusb.c.obj
                0x100066f4                tu_edpt_validate
 .text.tu_edpt_bind_driver
                0x1000679c       0x2a CMakeFiles/WS2812B.dir/B_/Git-repos/pico-sdk/lib/tinyusb/src/tusb.c.obj
                0x1000679c                tu_edpt_bind_driver
 .text.advance_pointer
                0x100067c6       0x18 CMakeFiles/WS2812B.dir/B_/Git-repos/pico-sdk/lib/tinyusb/src/common/tusb_fifo.c.obj
 .text.backward_pointer
                0x100067de       0x1e CMakeFiles/WS2812B.dir/B_/Git-repos/pico-sdk/lib/tinyusb/src/common/tusb_fifo.c.obj
 .text.get_relative_pointer
                0x100067fc       0x10 CMakeFiles/WS2812B.dir/B_/Git-repos/pico-sdk/lib/tinyusb/src/common/tusb_fifo.c.obj
 .text._tu_fifo_peek
                0x1000680c       0x50 CMakeFiles/WS2812B.dir/B_/Git-repos/pico-sdk/lib/tinyusb/src/common/tusb_fifo.c.obj
 .text._ff_pull_const_addr
                0x1000685c       0x4c CMakeFiles/WS2812B.dir/B_/Git-repos/pico-sdk/lib/tinyusb/src/common/tusb_fifo.c.obj
 .text._ff_pull_n
                0x100068a8      0x10c CMakeFiles/WS2812B.dir/B_/Git-repos/pico-sdk/lib/tinyusb/src/common/tusb_fifo.c.obj
 .text._tu_fifo_peek_n
                0x100069b4       0x5e CMakeFiles/WS2812B.dir/B_/Git-repos/pico-sdk/lib/tinyusb/src/common/tusb_fifo.c.obj
 .text._tu_fifo_read_n
                0x10006a12       0x4e CMakeFiles/WS2812B.dir/B_/Git-repos/pico-sdk/lib/tinyusb/src/common/tusb_fifo.c.obj
 .text._ff_push_const_addr
                0x10006a60       0x40 CMakeFiles/WS2812B.dir/B_/Git-repos/pico-sdk/lib/tinyusb/src/common/tusb_fifo.c.obj
 .text._ff_push_n
                0x10006aa0      0x108 CMakeFiles/WS2812B.dir/B_/Git-repos/pico-sdk/lib/tinyusb/src/common/tusb_fifo.c.obj
 .text._tu_fifo_write_n
                0x10006ba8       0x9e CMakeFiles/WS2812B.dir/B_/Git-repos/pico-sdk/lib/tinyusb/src/common/tusb_fifo.c.obj
 .text.tu_fifo_config
                0x10006c46       0x72 CMakeFiles/WS2812B.dir/B_/Git-repos/pico-sdk/lib/tinyusb/src/common/tusb_fifo.c.obj
                0x10006c46                tu_fifo_config
 .text.tu_fifo_count
                0x10006cb8       0x26 CMakeFiles/WS2812B.dir/B_/Git-repos/pico-sdk/lib/tinyusb/src/common/tusb_fifo.c.obj
                0x10006cb8                tu_fifo_count
 .text.tu_fifo_empty
                0x10006cde       0x10 CMakeFiles/WS2812B.dir/B_/Git-repos/pico-sdk/lib/tinyusb/src/common/tusb_fifo.c.obj
                0x10006cde                tu_fifo_empty
 .text.tu_fifo_remaining
                0x10006cee       0x20 CMakeFiles/WS2812B.dir/B_/Git-repos/pico-sdk/lib/tinyusb/src/common/tusb_fifo.c.obj
                0x10006cee                tu_fifo_remaining
 .text.tu_fifo_read
                0x10006d0e       0x42 CMakeFiles/WS2812B.dir/B_/Git-repos/pico-sdk/lib/tinyusb/src/common/tusb_fifo.c.obj
                0x10006d0e                tu_fifo_read
 .text.tu_fifo_read_n
                0x10006d50        0xa CMakeFiles/WS2812B.dir/B_/Git-repos/pico-sdk/lib/tinyusb/src/common/tusb_fifo.c.obj
                0x10006d50                tu_fifo_read_n
 .text.tu_fifo_write
                0x10006d5a       0x6c CMakeFiles/WS2812B.dir/B_/Git-repos/pico-sdk/lib/tinyusb/src/common/tusb_fifo.c.obj
                0x10006d5a                tu_fifo_write
 .text.tu_fifo_write_n
                0x10006dc6        0xa CMakeFiles/WS2812B.dir/B_/Git-repos/pico-sdk/lib/tinyusb/src/common/tusb_fifo.c.obj
                0x10006dc6                tu_fifo_write_n
 .text.tu_fifo_clear
                0x10006dd0       0x4c CMakeFiles/WS2812B.dir/B_/Git-repos/pico-sdk/lib/tinyusb/src/common/tusb_fifo.c.obj
                0x10006dd0                tu_fifo_clear
 .text.tu_fifo_set_overwritable
                0x10006e1c       0x3c CMakeFiles/WS2812B.dir/B_/Git-repos/pico-sdk/lib/tinyusb/src/common/tusb_fifo.c.obj
                0x10006e1c                tu_fifo_set_overwritable
 .text._retrieve_unique_id_on_boot
                0x10006e58       0x10 CMakeFiles/WS2812B.dir/B_/Git-repos/pico-sdk/src/rp2_common/pico_unique_id/unique_id.c.obj
 .text.pico_get_unique_board_id_string
                0x10006e68       0x60 CMakeFiles/WS2812B.dir/B_/Git-repos/pico-sdk/src/rp2_common/pico_unique_id/unique_id.c.obj
                0x10006e68                pico_get_unique_board_id_string
 .text.flash_get_unique_id
                0x10006ec8       0x46 CMakeFiles/WS2812B.dir/B_/Git-repos/pico-sdk/src/rp2_common/hardware_flash/flash.c.obj
                0x10006ec8                flash_get_unique_id
 *fill*         0x10006f0e        0x2 
 .text.strlen   0x10006f10       0x5c b:/programme/armgcc/bin/../lib/gcc/arm-none-eabi/10.3.1/../../../../arm-none-eabi/lib/thumb/v6-m/nofp\libg.a(lib_a-strlen-stub.o)
                0x10006f10                strlen
 *(.fini)
 .fini          0x10006f6c        0x4 b:/programme/armgcc/bin/../lib/gcc/arm-none-eabi/10.3.1/thumb/v6-m/nofp/crti.o
                0x10006f6c                _fini
 .fini.__stub   0x10006f70       0x70 linker stubs
 *crtbegin.o(.ctors)
 *crtbegin?.o(.ctors)
 *(EXCLUDE_FILE(*crtend.o *crtend?.o) .ctors)
 *(SORT_BY_NAME(.ctors.*))
 *(.ctors)
 *crtbegin.o(.dtors)
 *crtbegin?.o(.dtors)
 *(EXCLUDE_FILE(*crtend.o *crtend?.o) .dtors)
 *(SORT_BY_NAME(.dtors.*))
 *(.dtors)
 *(.eh_frame*)
 .eh_frame      0x10006fe0        0x0 b:/programme/armgcc/bin/../lib/gcc/arm-none-eabi/10.3.1/thumb/v6-m/nofp/crtbegin.o
                0x10006fe0                . = ALIGN (0x4)

.glue_7         0x10006fe0        0x0
 .glue_7        0x10006fe0        0x0 linker stubs

.glue_7t        0x10006fe0        0x0
 .glue_7t       0x10006fe0        0x0 linker stubs

.vfp11_veneer   0x10006fe0        0x0
 .vfp11_veneer  0x10006fe0        0x0 linker stubs

.v4_bx          0x10006fe0        0x0
 .v4_bx         0x10006fe0        0x0 linker stubs

.iplt           0x10006fe0        0x0
 .iplt          0x10006fe0        0x0 b:/programme/armgcc/bin/../lib/gcc/arm-none-eabi/10.3.1/thumb/v6-m/nofp/crtbegin.o

.rodata         0x10006fe0     0x1568
 *(EXCLUDE_FILE(*libm.a: *libc.a:*lib_a-mem*.o *libgcc.a:) .rodata*)
 .rodata.main.str1.4
                0x10006fe0        0x4 CMakeFiles/WS2812B.dir/main.c.obj
 .rodata.spin_lock_claim_unused.str1.4
                0x10006fe4       0x1b CMakeFiles/WS2812B.dir/B_/Git-repos/pico-sdk/src/rp2_common/hardware_sync/sync.c.obj
 *fill*         0x10006fff        0x1 
 .rodata.repeating_timer_callback.str1.4
                0x10007000       0x46 CMakeFiles/WS2812B.dir/B_/Git-repos/pico-sdk/src/common/pico_time/time.c.obj
 *fill*         0x10007046        0x2 
 .rodata.alarm_pool_dump_key.str1.4
                0x10007048       0x33 CMakeFiles/WS2812B.dir/B_/Git-repos/pico-sdk/src/common/pico_time/time.c.obj
 *fill*         0x1000707b        0x1 
 .rodata.ph_add_child_node.str1.4
                0x1000707c       0x92 CMakeFiles/WS2812B.dir/B_/Git-repos/pico-sdk/src/common/pico_time/time.c.obj
 *fill*         0x1000710e        0x2 
 .rodata.add_alarm_under_lock.str1.4
                0x10007110       0x28 CMakeFiles/WS2812B.dir/B_/Git-repos/pico-sdk/src/common/pico_time/time.c.obj
                                 0x2b (size before relaxing)
 .rodata.alarm_pool_alarm_callback.str1.4
                0x10007138       0xde CMakeFiles/WS2812B.dir/B_/Git-repos/pico-sdk/src/common/pico_time/time.c.obj
 *fill*         0x10007216        0x2 
 .rodata.alarm_pool_get_default.str1.4
                0x10007218       0x21 CMakeFiles/WS2812B.dir/B_/Git-repos/pico-sdk/src/common/pico_time/time.c.obj
 *fill*         0x10007239        0x3 
 .rodata.alarm_pool_cancel_alarm.str1.4
                0x1000723c       0x27 CMakeFiles/WS2812B.dir/B_/Git-repos/pico-sdk/src/common/pico_time/time.c.obj
 *fill*         0x10007263        0x1 
 .rodata.sleep_until.str1.4
                0x10007264       0x4d CMakeFiles/WS2812B.dir/B_/Git-repos/pico-sdk/src/common/pico_time/time.c.obj
 *fill*         0x100072b1        0x3 
 .rodata.__func__.1
                0x100072b4       0x18 CMakeFiles/WS2812B.dir/B_/Git-repos/pico-sdk/src/common/pico_time/time.c.obj
 .rodata.__func__.10
                0x100072cc       0x15 CMakeFiles/WS2812B.dir/B_/Git-repos/pico-sdk/src/common/pico_time/time.c.obj
 *fill*         0x100072e1        0x3 
 .rodata.__func__.11
                0x100072e4       0x1a CMakeFiles/WS2812B.dir/B_/Git-repos/pico-sdk/src/common/pico_time/time.c.obj
 *fill*         0x100072fe        0x2 
 .rodata.__func__.12
                0x10007300        0xa CMakeFiles/WS2812B.dir/B_/Git-repos/pico-sdk/src/common/pico_time/time.c.obj
 *fill*         0x1000730a        0x2 
 .rodata.__func__.3
                0x1000730c       0x17 CMakeFiles/WS2812B.dir/B_/Git-repos/pico-sdk/src/common/pico_time/time.c.obj
 *fill*         0x10007323        0x1 
 .rodata.__func__.4
                0x10007324       0x12 CMakeFiles/WS2812B.dir/B_/Git-repos/pico-sdk/src/common/pico_time/time.c.obj
 *fill*         0x10007336        0x2 
 .rodata.__func__.5
                0x10007338        0xd CMakeFiles/WS2812B.dir/B_/Git-repos/pico-sdk/src/common/pico_time/time.c.obj
 *fill*         0x10007345        0x3 
 .rodata.__func__.6
                0x10007348       0x12 CMakeFiles/WS2812B.dir/B_/Git-repos/pico-sdk/src/common/pico_time/time.c.obj
 *fill*         0x1000735a        0x2 
 .rodata.__func__.7
                0x1000735c        0xf CMakeFiles/WS2812B.dir/B_/Git-repos/pico-sdk/src/common/pico_time/time.c.obj
 *fill*         0x1000736b        0x1 
 .rodata.__func__.8
                0x1000736c        0xc CMakeFiles/WS2812B.dir/B_/Git-repos/pico-sdk/src/common/pico_time/time.c.obj
 .rodata.__func__.9
                0x10007378       0x15 CMakeFiles/WS2812B.dir/B_/Git-repos/pico-sdk/src/common/pico_time/time.c.obj
 *fill*         0x1000738d        0x3 
 .rodata.hardware_alarm_claim.str1.4
                0x10007390       0x22 CMakeFiles/WS2812B.dir/B_/Git-repos/pico-sdk/src/rp2_common/hardware_timer/timer.c.obj
 *fill*         0x100073b2        0x2 
 .rodata.hardware_alarm_set_target.str1.4
                0x100073b4       0x60 CMakeFiles/WS2812B.dir/B_/Git-repos/pico-sdk/src/rp2_common/hardware_timer/timer.c.obj
 .rodata.__func__.0
                0x10007414       0x1a CMakeFiles/WS2812B.dir/B_/Git-repos/pico-sdk/src/rp2_common/hardware_timer/timer.c.obj
 *fill*         0x1000742e        0x2 
 .rodata.str1.4
                0x10007430       0x85 CMakeFiles/WS2812B.dir/B_/Git-repos/pico-sdk/src/common/pico_sync/mutex.c.obj
                                 0xe1 (size before relaxing)
 *fill*         0x100074b5        0x3 
 .rodata.__func__.1
                0x100074b8        0xb CMakeFiles/WS2812B.dir/B_/Git-repos/pico-sdk/src/common/pico_sync/mutex.c.obj
 *fill*         0x100074c3        0x1 
 .rodata.__func__.3
                0x100074c4       0x18 CMakeFiles/WS2812B.dir/B_/Git-repos/pico-sdk/src/common/pico_sync/mutex.c.obj
 .rodata.__func__.4
                0x100074dc       0x15 CMakeFiles/WS2812B.dir/B_/Git-repos/pico-sdk/src/common/pico_sync/mutex.c.obj
 .rodata.ph_add_child_node.str1.4
                0x100074f1       0x92 CMakeFiles/WS2812B.dir/B_/Git-repos/pico-sdk/src/common/pico_util/pheap.c.obj
 *fill*         0x100074f1        0x3 
 .rodata.ph_remove_any_head.str1.4
                0x100074f4       0x88 CMakeFiles/WS2812B.dir/B_/Git-repos/pico-sdk/src/common/pico_util/pheap.c.obj
 .rodata.ph_remove_and_free_node.str1.4
                0x1000757c       0x26 CMakeFiles/WS2812B.dir/B_/Git-repos/pico-sdk/src/common/pico_util/pheap.c.obj
 *fill*         0x100075a2        0x2 
 .rodata.__func__.0
                0x100075a4       0x18 CMakeFiles/WS2812B.dir/B_/Git-repos/pico-sdk/src/common/pico_util/pheap.c.obj
 .rodata.__func__.1
                0x100075bc       0x13 CMakeFiles/WS2812B.dir/B_/Git-repos/pico-sdk/src/common/pico_util/pheap.c.obj
 *fill*         0x100075cf        0x1 
 .rodata.__func__.2
                0x100075d0       0x12 CMakeFiles/WS2812B.dir/B_/Git-repos/pico-sdk/src/common/pico_util/pheap.c.obj
 *fill*         0x100075e2        0x2 
 .rodata.__func__.3
                0x100075e4        0xc CMakeFiles/WS2812B.dir/B_/Git-repos/pico-sdk/src/common/pico_util/pheap.c.obj
 .rodata.__assert_func.str1.4
                0x100075f0       0x3f CMakeFiles/WS2812B.dir/B_/Git-repos/pico-sdk/src/rp2_common/pico_runtime/runtime.c.obj
                                 0x43 (size before relaxing)
 *fill*         0x1000762f        0x1 
 .rodata.runtime_init.str1.4
                0x10007630       0x5c CMakeFiles/WS2812B.dir/B_/Git-repos/pico-sdk/src/rp2_common/pico_runtime/runtime.c.obj
 .rodata.panic.str1.4
                0x1000768c       0x12 CMakeFiles/WS2812B.dir/B_/Git-repos/pico-sdk/src/rp2_common/pico_runtime/runtime.c.obj
 *fill*         0x1000769e        0x2 
 .rodata.__func__.1
                0x100076a0        0xd CMakeFiles/WS2812B.dir/B_/Git-repos/pico-sdk/src/rp2_common/pico_runtime/runtime.c.obj
 *fill*         0x100076ad        0x3 
 .rodata.clock_configure.str1.4
                0x100076b0       0x52 CMakeFiles/WS2812B.dir/B_/Git-repos/pico-sdk/src/rp2_common/hardware_clocks/clocks.c.obj
 *fill*         0x10007702        0x2 
 .rodata.__func__.1
                0x10007704       0x10 CMakeFiles/WS2812B.dir/B_/Git-repos/pico-sdk/src/rp2_common/hardware_clocks/clocks.c.obj
 .rodata.make_branch.str1.4
                0x10007714       0x68 CMakeFiles/WS2812B.dir/B_/Git-repos/pico-sdk/src/rp2_common/hardware_irq/irq.c.obj
 .rodata.insert_branch_and_link.str1.4
                0x1000777c       0x10 CMakeFiles/WS2812B.dir/B_/Git-repos/pico-sdk/src/rp2_common/hardware_irq/irq.c.obj
 .rodata.irq_set_exclusive_handler.str1.4
                0x1000778c       0x36 CMakeFiles/WS2812B.dir/B_/Git-repos/pico-sdk/src/rp2_common/hardware_irq/irq.c.obj
 *fill*         0x100077c2        0x2 
 .rodata.irq_add_shared_handler.str1.4
                0x100077c4       0xd9 CMakeFiles/WS2812B.dir/B_/Git-repos/pico-sdk/src/rp2_common/hardware_irq/irq.c.obj
 *fill*         0x1000789d        0x3 
 .rodata.irq_remove_handler.str1.4
                0x100078a0       0x2a CMakeFiles/WS2812B.dir/B_/Git-repos/pico-sdk/src/rp2_common/hardware_irq/irq.c.obj
 *fill*         0x100078ca        0x2 
 .rodata.irq_add_tail_to_free_list.str1.4
                0x100078cc       0x32 CMakeFiles/WS2812B.dir/B_/Git-repos/pico-sdk/src/rp2_common/hardware_irq/irq.c.obj
                                 0x3a (size before relaxing)
 *fill*         0x100078fe        0x2 
 .rodata.__func__.0
                0x10007900       0x1a CMakeFiles/WS2812B.dir/B_/Git-repos/pico-sdk/src/rp2_common/hardware_irq/irq.c.obj
 *fill*         0x1000791a        0x2 
 .rodata.__func__.1
                0x1000791c       0x17 CMakeFiles/WS2812B.dir/B_/Git-repos/pico-sdk/src/rp2_common/hardware_irq/irq.c.obj
 *fill*         0x10007933        0x1 
 .rodata.__func__.2
                0x10007934       0x13 CMakeFiles/WS2812B.dir/B_/Git-repos/pico-sdk/src/rp2_common/hardware_irq/irq.c.obj
 *fill*         0x10007947        0x1 
 .rodata.__func__.3
                0x10007948        0xc CMakeFiles/WS2812B.dir/B_/Git-repos/pico-sdk/src/rp2_common/hardware_irq/irq.c.obj
 .rodata.__func__.4
                0x10007954        0xf CMakeFiles/WS2812B.dir/B_/Git-repos/pico-sdk/src/rp2_common/hardware_irq/irq.c.obj
 *fill*         0x10007963        0x1 
 .rodata.__func__.6
                0x10007964       0x1a CMakeFiles/WS2812B.dir/B_/Git-repos/pico-sdk/src/rp2_common/hardware_irq/irq.c.obj
 *fill*         0x1000797e        0x2 
 .rodata.pll_init.str1.4
                0x10007980       0xd3 CMakeFiles/WS2812B.dir/B_/Git-repos/pico-sdk/src/rp2_common/hardware_pll/pll.c.obj
 *fill*         0x10007a53        0x1 
 .rodata.__func__.0
                0x10007a54        0x9 CMakeFiles/WS2812B.dir/B_/Git-repos/pico-sdk/src/rp2_common/hardware_pll/pll.c.obj
 *fill*         0x10007a5d        0x3 
 .rodata._ftoa.str1.4
                0x10007a60       0x15 CMakeFiles/WS2812B.dir/B_/Git-repos/pico-sdk/src/rp2_common/pico_printf/printf.c.obj
 *fill*         0x10007a75        0x3 
 .rodata._vsnprintf
                0x10007a78      0x1e0 CMakeFiles/WS2812B.dir/B_/Git-repos/pico-sdk/src/rp2_common/pico_printf/printf.c.obj
 .rodata.pow10.0
                0x10007c58       0x50 CMakeFiles/WS2812B.dir/B_/Git-repos/pico-sdk/src/rp2_common/pico_printf/printf.c.obj
 .rodata.__aeabi_double_init.str1.4
                0x10007ca8       0xa3 CMakeFiles/WS2812B.dir/B_/Git-repos/pico-sdk/src/rp2_common/pico_double/double_init_rom.c.obj
 *fill*         0x10007d4b        0x1 
 .rodata.__func__.0
                0x10007d4c       0x14 CMakeFiles/WS2812B.dir/B_/Git-repos/pico-sdk/src/rp2_common/pico_double/double_init_rom.c.obj
 .rodata.__aeabi_float_init.str1.4
                0x10007d60       0x75 CMakeFiles/WS2812B.dir/B_/Git-repos/pico-sdk/src/rp2_common/pico_float/float_init_rom.c.obj
                                 0x79 (size before relaxing)
 *fill*         0x10007dd5        0x3 
 .rodata.__func__.0
                0x10007dd8       0x13 CMakeFiles/WS2812B.dir/B_/Git-repos/pico-sdk/src/rp2_common/pico_float/float_init_rom.c.obj
 *fill*         0x10007deb        0x1 
 .rodata.str1.4
                0x10007dec       0x3c CMakeFiles/WS2812B.dir/B_/Git-repos/pico-sdk/src/rp2_common/pico_standard_link/binary_info.c.obj
 .rodata.__bi_44
                0x10007e28        0xc CMakeFiles/WS2812B.dir/B_/Git-repos/pico-sdk/src/rp2_common/pico_standard_link/binary_info.c.obj
 .rodata.__bi_75
                0x10007e34        0xc CMakeFiles/WS2812B.dir/B_/Git-repos/pico-sdk/src/rp2_common/pico_standard_link/binary_info.c.obj
 .rodata.__bi_81
                0x10007e40        0xc CMakeFiles/WS2812B.dir/B_/Git-repos/pico-sdk/src/rp2_common/pico_standard_link/binary_info.c.obj
 .rodata.crlf_str.3
                0x10007e4c        0x2 CMakeFiles/WS2812B.dir/B_/Git-repos/pico-sdk/src/rp2_common/pico_stdio/stdio.c.obj
 *fill*         0x10007e4e        0x2 
 .rodata._resetd_driver
                0x10007e50       0x18 CMakeFiles/WS2812B.dir/B_/Git-repos/pico-sdk/src/rp2_common/pico_stdio_usb/reset_interface.c.obj
 .rodata.stdio_usb_init.str1.4
                0x10007e68       0x5c CMakeFiles/WS2812B.dir/B_/Git-repos/pico-sdk/src/rp2_common/pico_stdio_usb/stdio_usb.c.obj
 .rodata.str1.4
                0x10007e68       0x13 CMakeFiles/WS2812B.dir/B_/Git-repos/pico-sdk/src/rp2_common/pico_stdio_usb/stdio_usb.c.obj
 *fill*         0x10007e7b        0x1 
 .rodata.__bi_93.1
                0x10007e7c        0xc CMakeFiles/WS2812B.dir/B_/Git-repos/pico-sdk/src/rp2_common/pico_stdio_usb/stdio_usb.c.obj
 .rodata.__func__.0
                0x10007e88       0x15 CMakeFiles/WS2812B.dir/B_/Git-repos/pico-sdk/src/rp2_common/pico_stdio_usb/stdio_usb.c.obj
 *fill*         0x10007e9d        0x3 
 .rodata.str1.4
                0x10007ea0       0x2a CMakeFiles/WS2812B.dir/B_/Git-repos/pico-sdk/src/rp2_common/pico_stdio_usb/stdio_usb_descriptors.c.obj
 *fill*         0x10007eca        0x2 
 .rodata.usbd_desc_cfg
                0x10007ecc       0x54 CMakeFiles/WS2812B.dir/B_/Git-repos/pico-sdk/src/rp2_common/pico_stdio_usb/stdio_usb_descriptors.c.obj
 .rodata.usbd_desc_device
                0x10007f20       0x12 CMakeFiles/WS2812B.dir/B_/Git-repos/pico-sdk/src/rp2_common/pico_stdio_usb/stdio_usb_descriptors.c.obj
 *fill*         0x10007f32        0x2 
 .rodata.usbd_desc_str
                0x10007f34       0x18 CMakeFiles/WS2812B.dir/B_/Git-repos/pico-sdk/src/rp2_common/pico_stdio_usb/stdio_usb_descriptors.c.obj
 .rodata._hw_endpoint_alloc.str1.4
                0x10007f4c       0xb1 CMakeFiles/WS2812B.dir/B_/Git-repos/pico-sdk/lib/tinyusb/src/portable/raspberrypi/rp2040/dcd_rp2040.c.obj
 *fill*         0x10007ffd        0x3 
 .rodata.dcd_rp2040_irq.str1.4
                0x10008000       0x14 CMakeFiles/WS2812B.dir/B_/Git-repos/pico-sdk/lib/tinyusb/src/portable/raspberrypi/rp2040/dcd_rp2040.c.obj
 .rodata.dcd_int_enable.str1.4
                0x10008014        0xc CMakeFiles/WS2812B.dir/B_/Git-repos/pico-sdk/lib/tinyusb/src/portable/raspberrypi/rp2040/dcd_rp2040.c.obj
 .rodata.__func__.0
                0x10008020        0xe CMakeFiles/WS2812B.dir/B_/Git-repos/pico-sdk/lib/tinyusb/src/portable/raspberrypi/rp2040/dcd_rp2040.c.obj
 *fill*         0x1000802e        0x2 
 .rodata.__func__.1
                0x10008030        0xe CMakeFiles/WS2812B.dir/B_/Git-repos/pico-sdk/lib/tinyusb/src/portable/raspberrypi/rp2040/dcd_rp2040.c.obj
 *fill*         0x1000803e        0x2 
 .rodata.__func__.3
                0x10008040       0x10 CMakeFiles/WS2812B.dir/B_/Git-repos/pico-sdk/lib/tinyusb/src/portable/raspberrypi/rp2040/dcd_rp2040.c.obj
 .rodata.__func__.5
                0x10008050        0xf CMakeFiles/WS2812B.dir/B_/Git-repos/pico-sdk/lib/tinyusb/src/portable/raspberrypi/rp2040/dcd_rp2040.c.obj
 *fill*         0x1000805f        0x1 
 .rodata.__func__.6
                0x10008060       0x13 CMakeFiles/WS2812B.dir/B_/Git-repos/pico-sdk/lib/tinyusb/src/portable/raspberrypi/rp2040/dcd_rp2040.c.obj
 *fill*         0x10008073        0x1 
 .rodata.__func__.7
                0x10008074        0x9 CMakeFiles/WS2812B.dir/B_/Git-repos/pico-sdk/lib/tinyusb/src/portable/raspberrypi/rp2040/dcd_rp2040.c.obj
 *fill*         0x1000807d        0x3 
 .rodata.sync_ep_buffer.str1.4
                0x10008080       0x8d CMakeFiles/WS2812B.dir/B_/Git-repos/pico-sdk/lib/tinyusb/src/portable/raspberrypi/rp2040/rp2040_usb.c.obj
 *fill*         0x1000810d        0x3 
 .rodata._hw_endpoint_buffer_control_update32.str1.4
                0x10008110       0x1f CMakeFiles/WS2812B.dir/B_/Git-repos/pico-sdk/lib/tinyusb/src/portable/raspberrypi/rp2040/rp2040_usb.c.obj
 *fill*         0x1000812f        0x1 
 .rodata.hw_endpoint_xfer_start.str1.4
                0x10008130       0x38 CMakeFiles/WS2812B.dir/B_/Git-repos/pico-sdk/lib/tinyusb/src/portable/raspberrypi/rp2040/rp2040_usb.c.obj
 .rodata.hw_endpoint_xfer_continue.str1.4
                0x10008168       0x29 CMakeFiles/WS2812B.dir/B_/Git-repos/pico-sdk/lib/tinyusb/src/portable/raspberrypi/rp2040/rp2040_usb.c.obj
 *fill*         0x10008191        0x3 
 .rodata.str1.4
                0x10008194        0x7 CMakeFiles/WS2812B.dir/B_/Git-repos/pico-sdk/lib/tinyusb/src/portable/raspberrypi/rp2040/rp2040_usb.c.obj
 *fill*         0x1000819b        0x1 
 .rodata.__func__.0
                0x1000819c        0xf CMakeFiles/WS2812B.dir/B_/Git-repos/pico-sdk/lib/tinyusb/src/portable/raspberrypi/rp2040/rp2040_usb.c.obj
 *fill*         0x100081ab        0x1 
 .rodata.process_set_config.str1.4
                0x100081ac       0x17 CMakeFiles/WS2812B.dir/B_/Git-repos/pico-sdk/lib/tinyusb/src/device/usbd.c.obj
 *fill*         0x100081c3        0x1 
 .rodata.process_get_descriptor
                0x100081c4       0x40 CMakeFiles/WS2812B.dir/B_/Git-repos/pico-sdk/lib/tinyusb/src/device/usbd.c.obj
 .rodata.process_control_request
                0x10008204       0x28 CMakeFiles/WS2812B.dir/B_/Git-repos/pico-sdk/lib/tinyusb/src/device/usbd.c.obj
 .rodata.tud_task
                0x1000822c       0x24 CMakeFiles/WS2812B.dir/B_/Git-repos/pico-sdk/lib/tinyusb/src/device/usbd.c.obj
 .rodata.__func__.2
                0x10008250        0xf CMakeFiles/WS2812B.dir/B_/Git-repos/pico-sdk/lib/tinyusb/src/device/usbd.c.obj
 *fill*         0x1000825f        0x1 
 .rodata.__func__.3
                0x10008260        0xf CMakeFiles/WS2812B.dir/B_/Git-repos/pico-sdk/lib/tinyusb/src/device/usbd.c.obj
 *fill*         0x1000826f        0x1 
 .rodata.__func__.4
                0x10008270       0x14 CMakeFiles/WS2812B.dir/B_/Git-repos/pico-sdk/lib/tinyusb/src/device/usbd.c.obj
 .rodata.__func__.5
                0x10008284       0x10 CMakeFiles/WS2812B.dir/B_/Git-repos/pico-sdk/lib/tinyusb/src/device/usbd.c.obj
 .rodata.__func__.6
                0x10008294       0x17 CMakeFiles/WS2812B.dir/B_/Git-repos/pico-sdk/lib/tinyusb/src/device/usbd.c.obj
 *fill*         0x100082ab        0x1 
 .rodata.__func__.7
                0x100082ac       0x13 CMakeFiles/WS2812B.dir/B_/Git-repos/pico-sdk/lib/tinyusb/src/device/usbd.c.obj
 *fill*         0x100082bf        0x1 
 .rodata.__func__.8
                0x100082c0       0x18 CMakeFiles/WS2812B.dir/B_/Git-repos/pico-sdk/lib/tinyusb/src/device/usbd.c.obj
 .rodata.__func__.9
                0x100082d8        0x9 CMakeFiles/WS2812B.dir/B_/Git-repos/pico-sdk/lib/tinyusb/src/device/usbd.c.obj
 *fill*         0x100082e1        0x3 
 .rodata._usbd_driver
                0x100082e4       0x18 CMakeFiles/WS2812B.dir/B_/Git-repos/pico-sdk/lib/tinyusb/src/device/usbd.c.obj
 .rodata.tud_control_xfer.str1.4
                0x100082fc       0x17 CMakeFiles/WS2812B.dir/B_/Git-repos/pico-sdk/lib/tinyusb/src/device/usbd_control.c.obj
 .rodata.__func__.0
                0x100082fc       0x15 CMakeFiles/WS2812B.dir/B_/Git-repos/pico-sdk/lib/tinyusb/src/device/usbd_control.c.obj
 *fill*         0x10008311        0x3 
 .rodata.__func__.1
                0x10008314       0x11 CMakeFiles/WS2812B.dir/B_/Git-repos/pico-sdk/lib/tinyusb/src/device/usbd_control.c.obj
 .rodata.tud_cdc_n_write_flush.str1.4
                0x10008325       0x17 CMakeFiles/WS2812B.dir/B_/Git-repos/pico-sdk/lib/tinyusb/src/class/cdc/cdc_device.c.obj
 *fill*         0x10008325        0x3 
 .rodata.__func__.0
                0x10008328        0xd CMakeFiles/WS2812B.dir/B_/Git-repos/pico-sdk/lib/tinyusb/src/class/cdc/cdc_device.c.obj
 *fill*         0x10008335        0x3 
 .rodata.__func__.1
                0x10008338        0xa CMakeFiles/WS2812B.dir/B_/Git-repos/pico-sdk/lib/tinyusb/src/class/cdc/cdc_device.c.obj
 *fill*         0x10008342        0x2 
 .rodata.__func__.2
                0x10008344       0x16 CMakeFiles/WS2812B.dir/B_/Git-repos/pico-sdk/lib/tinyusb/src/class/cdc/cdc_device.c.obj
 .rodata.tusb_init.str1.4
                0x1000835a       0x17 CMakeFiles/WS2812B.dir/B_/Git-repos/pico-sdk/lib/tinyusb/src/tusb.c.obj
 *fill*         0x1000835a        0x2 
 .rodata.__func__.0
                0x1000835c       0x11 CMakeFiles/WS2812B.dir/B_/Git-repos/pico-sdk/lib/tinyusb/src/tusb.c.obj
 *fill*         0x1000836d        0x3 
 .rodata.__func__.1
                0x10008370        0xa CMakeFiles/WS2812B.dir/B_/Git-repos/pico-sdk/lib/tinyusb/src/tusb.c.obj
 *fill*         0x1000837a        0x2 
 .rodata.pico_get_unique_board_id_string.str1.4
                0x1000837c       0x48 CMakeFiles/WS2812B.dir/B_/Git-repos/pico-sdk/src/rp2_common/pico_unique_id/unique_id.c.obj
 .rodata.__func__.0
                0x100083c4       0x20 CMakeFiles/WS2812B.dir/B_/Git-repos/pico-sdk/src/rp2_common/pico_unique_id/unique_id.c.obj
 .rodata.str1.4
                0x100083e4      0x152 CMakeFiles/WS2812B.dir/B_/Git-repos/pico-sdk/src/rp2_common/hardware_flash/flash.c.obj
 *fill*         0x10008536        0x2 
 .rodata.__func__.0
                0x10008538        0xd CMakeFiles/WS2812B.dir/B_/Git-repos/pico-sdk/src/rp2_common/hardware_flash/flash.c.obj
                0x10008548                . = ALIGN (0x4)
 *fill*         0x10008545        0x3 
 *(SORT_BY_ALIGNMENT(SORT_BY_NAME(.flashdata*)))
                0x10008548                . = ALIGN (0x4)

.rel.dyn        0x10008548        0x0
 .rel.iplt      0x10008548        0x0 b:/programme/armgcc/bin/../lib/gcc/arm-none-eabi/10.3.1/thumb/v6-m/nofp/crtbegin.o

.ARM.extab
 *(.ARM.extab* .gnu.linkonce.armextab.*)
                0x10008548                __exidx_start = .

.ARM.exidx
 *(.ARM.exidx* .gnu.linkonce.armexidx.*)
                0x10008548                __exidx_end = .
                0x10008548                . = ALIGN (0x4)
                0x10008548                __binary_info_start = .

.binary_info    0x10008548       0x20
 *(.binary_info.keep.*)
 .binary_info.keep.__bi_ptr22
                0x10008548        0x4 CMakeFiles/WS2812B.dir/B_/Git-repos/pico-sdk/src/rp2_common/pico_standard_link/binary_info.c.obj
 .binary_info.keep.__bi_ptr30
                0x1000854c        0x4 CMakeFiles/WS2812B.dir/B_/Git-repos/pico-sdk/src/rp2_common/pico_standard_link/binary_info.c.obj
 .binary_info.keep.__bi_ptr38
                0x10008550        0x4 CMakeFiles/WS2812B.dir/B_/Git-repos/pico-sdk/src/rp2_common/pico_standard_link/binary_info.c.obj
 .binary_info.keep.__bi_ptr44
                0x10008554        0x4 CMakeFiles/WS2812B.dir/B_/Git-repos/pico-sdk/src/rp2_common/pico_standard_link/binary_info.c.obj
 .binary_info.keep.__bi_ptr50
                0x10008558        0x4 CMakeFiles/WS2812B.dir/B_/Git-repos/pico-sdk/src/rp2_common/pico_standard_link/binary_info.c.obj
 .binary_info.keep.__bi_ptr75
                0x1000855c        0x4 CMakeFiles/WS2812B.dir/B_/Git-repos/pico-sdk/src/rp2_common/pico_standard_link/binary_info.c.obj
 .binary_info.keep.__bi_ptr81
                0x10008560        0x4 CMakeFiles/WS2812B.dir/B_/Git-repos/pico-sdk/src/rp2_common/pico_standard_link/binary_info.c.obj
 *(.binary_info.*)
 .binary_info.__bi_ptr93
                0x10008564        0x4 CMakeFiles/WS2812B.dir/B_/Git-repos/pico-sdk/src/rp2_common/pico_stdio_usb/stdio_usb.c.obj
                0x10008568                __binary_info_end = .
                0x10008568                . = ALIGN (0x4)
                0x10008568                __etext = .

.ram_vector_table
                0x20000000       0xc0
 *(.ram_vector_table)
 .ram_vector_table
                0x20000000       0xc0 CMakeFiles/WS2812B.dir/B_/Git-repos/pico-sdk/src/rp2_common/pico_runtime/runtime.c.obj
                0x20000000                ram_vector_table

.data           0x200000c0      0x460 load address 0x10008568
                0x200000c0                __data_start__ = .
 *(vtable)
 *(.time_critical*)
 .time_critical.mutex_enter_blocking
                0x200000c0       0x48 CMakeFiles/WS2812B.dir/B_/Git-repos/pico-sdk/src/common/pico_sync/mutex.c.obj
                0x200000c0                mutex_enter_blocking
 .time_critical.mutex_try_enter
                0x20000108       0x46 CMakeFiles/WS2812B.dir/B_/Git-repos/pico-sdk/src/common/pico_sync/mutex.c.obj
                0x20000108                mutex_try_enter
 *fill*         0x2000014e        0x2 
 .time_critical.mutex_enter_block_until
                0x20000150       0x8c CMakeFiles/WS2812B.dir/B_/Git-repos/pico-sdk/src/common/pico_sync/mutex.c.obj
                0x20000150                mutex_enter_block_until
 .time_critical.mutex_enter_timeout_ms
                0x200001dc       0x74 CMakeFiles/WS2812B.dir/B_/Git-repos/pico-sdk/src/common/pico_sync/mutex.c.obj
                0x200001dc                mutex_enter_timeout_ms
 .time_critical.mutex_exit
                0x20000250       0x4c CMakeFiles/WS2812B.dir/B_/Git-repos/pico-sdk/src/common/pico_sync/mutex.c.obj
                0x20000250                mutex_exit
 .time_critical.flash_init_boot2_copyout
                0x2000029c       0x30 CMakeFiles/WS2812B.dir/B_/Git-repos/pico-sdk/src/rp2_common/hardware_flash/flash.c.obj
 .time_critical.flash_enable_xip_via_boot2
                0x200002cc       0x10 CMakeFiles/WS2812B.dir/B_/Git-repos/pico-sdk/src/rp2_common/hardware_flash/flash.c.obj
 .time_critical.flash_cs_force
                0x200002dc       0x28 CMakeFiles/WS2812B.dir/B_/Git-repos/pico-sdk/src/rp2_common/hardware_flash/flash.c.obj
 .time_critical.flash_do_cmd
                0x20000304       0xd8 CMakeFiles/WS2812B.dir/B_/Git-repos/pico-sdk/src/rp2_common/hardware_flash/flash.c.obj
                0x20000304                flash_do_cmd
 *(.text*)
 .text          0x200003dc        0x4 b:/programme/armgcc/bin/../lib/gcc/arm-none-eabi/10.3.1/thumb/v6-m/nofp\libgcc.a(_dvmd_tls.o)
                0x200003dc                __aeabi_idiv0
                0x200003dc                __aeabi_ldiv0
 .text.__stub   0x200003e0       0x40 linker stubs
                0x20000420                . = ALIGN (0x4)
 *(.rodata*)
                0x20000420                . = ALIGN (0x4)
 *(.data*)
 .data.striped_spin_lock_num
                0x20000420        0x1 CMakeFiles/WS2812B.dir/B_/Git-repos/pico-sdk/src/rp2_common/hardware_sync/sync.c.obj
 *fill*         0x20000421        0x3 
 .data.default_alarm_pool
                0x20000424       0x18 CMakeFiles/WS2812B.dir/B_/Git-repos/pico-sdk/src/common/pico_time/time.c.obj
 .data.default_alarm_pool_heap
                0x2000043c       0x10 CMakeFiles/WS2812B.dir/B_/Git-repos/pico-sdk/src/common/pico_time/time.c.obj
 .data          0x2000044c       0x48 CMakeFiles/WS2812B.dir/B_/Git-repos/pico-sdk/src/rp2_common/hardware_irq/irq_handler_chain.S.obj
                0x2000044c                irq_handler_chain_slots
                0x2000047c                irq_handler_chain_first_slot
                0x20000486                irq_handler_chain_remove_tail
 *fill*         0x20000494        0xc 
 .data.aeabi_bits_funcs
                0x200004a0       0x10 CMakeFiles/WS2812B.dir/B_/Git-repos/pico-sdk/src/rp2_common/pico_bit_ops/bit_ops_aeabi.S.obj
                0x200004a0                aeabi_bits_funcs
                0x200004b0                aeabi_bits_funcs_end
 .data.aeabi_mem_funcs
                0x200004b0       0x10 CMakeFiles/WS2812B.dir/B_/Git-repos/pico-sdk/src/rp2_common/pico_mem_ops/mem_ops_aeabi.S.obj
                0x200004b0                aeabi_mem_funcs
                0x200004c0                aeabi_mem_funcs_end
 .data.stdio_usb
                0x200004c0       0x14 CMakeFiles/WS2812B.dir/B_/Git-repos/pico-sdk/src/rp2_common/pico_stdio_usb/stdio_usb.c.obj
                0x200004c0                stdio_usb
 .data.ep_dir_string
                0x200004d4        0x8 CMakeFiles/WS2812B.dir/B_/Git-repos/pico-sdk/lib/tinyusb/src/portable/raspberrypi/rp2040/rp2040_usb.c.obj
                0x200004d4                ep_dir_string
 .data._usbd_qdef
                0x200004dc       0x24 CMakeFiles/WS2812B.dir/B_/Git-repos/pico-sdk/lib/tinyusb/src/device/usbd.c.obj
                0x200004dc                _usbd_qdef
                0x20000500                . = ALIGN (0x4)
 *(.after_data.*)
                0x20000500                . = ALIGN (0x4)
                0x20000500                PROVIDE (__mutex_array_start = .)
 *(SORT_BY_NAME(.mutex_array.*))
 *(.mutex_array)
 .mutex_array   0x20000500        0x8 CMakeFiles/WS2812B.dir/B_/Git-repos/pico-sdk/src/rp2_common/pico_stdio/stdio.c.obj
                0x20000508                PROVIDE (__mutex_array_end = .)
                0x20000508                . = ALIGN (0x4)
                0x20000508                PROVIDE (__preinit_array_start = .)
 *(SORT_BY_NAME(.preinit_array.*))
 .preinit_array.00001
                0x20000508        0x4 CMakeFiles/WS2812B.dir/B_/Git-repos/pico-sdk/src/rp2_common/pico_mem_ops/mem_ops_aeabi.S.obj
 .preinit_array.00010
                0x2000050c        0x4 CMakeFiles/WS2812B.dir/B_/Git-repos/pico-sdk/src/rp2_common/pico_bit_ops/bit_ops_aeabi.S.obj
 .preinit_array.00020
                0x20000510        0x4 CMakeFiles/WS2812B.dir/B_/Git-repos/pico-sdk/src/rp2_common/pico_double/double_aeabi.S.obj
 .preinit_array.00020
                0x20000514        0x4 CMakeFiles/WS2812B.dir/B_/Git-repos/pico-sdk/src/rp2_common/pico_float/float_aeabi.S.obj
 *(.preinit_array)
                0x20000518                PROVIDE (__preinit_array_end = .)
                0x20000518                . = ALIGN (0x4)
                0x20000518                PROVIDE (__init_array_start = .)
 *(SORT_BY_NAME(.init_array.*))
 *(.init_array)
 .init_array    0x20000518        0x4 b:/programme/armgcc/bin/../lib/gcc/arm-none-eabi/10.3.1/thumb/v6-m/nofp/crtbegin.o
 .init_array    0x2000051c        0x4 CMakeFiles/WS2812B.dir/B_/Git-repos/pico-sdk/src/rp2_common/pico_unique_id/unique_id.c.obj
                0x20000520                PROVIDE (__init_array_end = .)
                0x20000520                . = ALIGN (0x4)
                [!provide]                PROVIDE (__fini_array_start = .)
 *(SORT_BY_NAME(.fini_array.*))
 *(.fini_array)
                [!provide]                PROVIDE (__fini_array_end = .)
 *(.jcr)
                0x20000520                . = ALIGN (0x4)
                0x20000520                __data_end__ = .

.igot.plt       0x20000520        0x0 load address 0x100089c8
 .igot.plt      0x20000520        0x0 b:/programme/armgcc/bin/../lib/gcc/arm-none-eabi/10.3.1/thumb/v6-m/nofp/crtbegin.o

.uninitialized_data
                0x20000520        0x0 load address 0x100089c8
                0x20000520                . = ALIGN (0x4)
 *(.uninitialized_data*)

.scratch_x      0x20040000        0x0 load address 0x100089c8
                0x20040000                __scratch_x_start__ = .
 *(.scratch_x.*)
                0x20040000                . = ALIGN (0x4)
                0x20040000                __scratch_x_end__ = .
                0x100089c8                __scratch_x_source__ = LOADADDR (.scratch_x)

.scratch_y      0x20041000        0x0 load address 0x100089c8
                0x20041000                __scratch_y_start__ = .
 *(.scratch_y.*)
                0x20041000                . = ALIGN (0x4)
                0x20041000                __scratch_y_end__ = .
                0x100089c8                __scratch_y_source__ = LOADADDR (.scratch_y)

.bss            0x20000520      0xd7c
                0x20000520                . = ALIGN (0x4)
                0x20000520                __bss_start__ = .
 *(SORT_BY_ALIGNMENT(SORT_BY_NAME(.bss*)))
 .bss.default_alarm_pool_entries
                0x20000520      0x100 CMakeFiles/WS2812B.dir/B_/Git-repos/pico-sdk/src/common/pico_time/time.c.obj
 .bss.last_avail_time.2
                0x20000620        0x8 CMakeFiles/WS2812B.dir/B_/Git-repos/pico-sdk/src/rp2_common/pico_stdio_usb/stdio_usb.c.obj
 .bss           0x20000628       0x1c b:/programme/armgcc/bin/../lib/gcc/arm-none-eabi/10.3.1/thumb/v6-m/nofp/crtbegin.o
 .bss._app_driver
                0x20000644        0x4 CMakeFiles/WS2812B.dir/B_/Git-repos/pico-sdk/lib/tinyusb/src/device/usbd.c.obj
 .bss._cdcd_itf
                0x20000648      0x2d8 CMakeFiles/WS2812B.dir/B_/Git-repos/pico-sdk/lib/tinyusb/src/class/cdc/cdc_device.c.obj
 .bss._ctrl_xfer
                0x20000920       0x14 CMakeFiles/WS2812B.dir/B_/Git-repos/pico-sdk/lib/tinyusb/src/device/usbd_control.c.obj
 .bss._ubsd_mutexdef
                0x20000934        0x8 CMakeFiles/WS2812B.dir/B_/Git-repos/pico-sdk/lib/tinyusb/src/device/usbd.c.obj
 .bss._usbd_ctrl_buf
                0x2000093c       0x40 CMakeFiles/WS2812B.dir/B_/Git-repos/pico-sdk/lib/tinyusb/src/device/usbd_control.c.obj
 .bss._usbd_dev
                0x2000097c       0x53 CMakeFiles/WS2812B.dir/B_/Git-repos/pico-sdk/lib/tinyusb/src/device/usbd.c.obj
 *fill*         0x200009cf        0x1 
 .bss._usbd_mutex
                0x200009d0        0x4 CMakeFiles/WS2812B.dir/B_/Git-repos/pico-sdk/lib/tinyusb/src/device/usbd.c.obj
 .bss._usbd_q   0x200009d4        0x4 CMakeFiles/WS2812B.dir/B_/Git-repos/pico-sdk/lib/tinyusb/src/device/usbd.c.obj
 .bss._usbd_qdef_buf
                0x200009d8       0xc0 CMakeFiles/WS2812B.dir/B_/Git-repos/pico-sdk/lib/tinyusb/src/device/usbd.c.obj
                0x200009d8                _usbd_qdef_buf
 .bss.alarm_callbacks
                0x20000a98       0x10 CMakeFiles/WS2812B.dir/B_/Git-repos/pico-sdk/src/rp2_common/hardware_timer/timer.c.obj
 .bss.boot2_copyout
                0x20000aa8      0x100 CMakeFiles/WS2812B.dir/B_/Git-repos/pico-sdk/src/rp2_common/hardware_flash/flash.c.obj
 .bss.claimed   0x20000ba8        0x4 CMakeFiles/WS2812B.dir/B_/Git-repos/pico-sdk/src/rp2_common/hardware_sync/sync.c.obj
 .bss.configured_freq
                0x20000bac       0x28 CMakeFiles/WS2812B.dir/B_/Git-repos/pico-sdk/src/rp2_common/hardware_clocks/clocks.c.obj
 .bss.default_alarm_pool_entry_ids_high
                0x20000bd4       0x10 CMakeFiles/WS2812B.dir/B_/Git-repos/pico-sdk/src/common/pico_time/time.c.obj
 .bss.default_alarm_pool_heap_nodes
                0x20000be4       0x30 CMakeFiles/WS2812B.dir/B_/Git-repos/pico-sdk/src/common/pico_time/time.c.obj
 .bss.desc_str.0
                0x20000c14       0x28 CMakeFiles/WS2812B.dir/B_/Git-repos/pico-sdk/src/rp2_common/pico_stdio_usb/stdio_usb_descriptors.c.obj
 .bss.drivers   0x20000c3c        0x4 CMakeFiles/WS2812B.dir/B_/Git-repos/pico-sdk/src/rp2_common/pico_stdio/stdio.c.obj
 .bss.filter    0x20000c40        0x4 CMakeFiles/WS2812B.dir/B_/Git-repos/pico-sdk/src/rp2_common/pico_stdio/stdio.c.obj
 .bss.hw_endpoints
                0x20000c44      0x400 CMakeFiles/WS2812B.dir/B_/Git-repos/pico-sdk/lib/tinyusb/src/portable/raspberrypi/rp2040/dcd_rp2040.c.obj
 .bss.load_value
                0x20001044        0x4 CMakeFiles/WS2812B.dir/B_/Git-repos/pico-sdk/src/rp2_common/hardware_watchdog/watchdog.c.obj
 .bss.next_buffer_ptr
                0x20001048        0x4 CMakeFiles/WS2812B.dir/B_/Git-repos/pico-sdk/lib/tinyusb/src/portable/raspberrypi/rp2040/dcd_rp2040.c.obj
 .bss.pools     0x2000104c       0x10 CMakeFiles/WS2812B.dir/B_/Git-repos/pico-sdk/src/common/pico_time/time.c.obj
 .bss.retrieved_id
                0x2000105c        0x8 CMakeFiles/WS2812B.dir/B_/Git-repos/pico-sdk/src/rp2_common/pico_unique_id/unique_id.c.obj
 .bss.sd_table  0x20001064      0x100 CMakeFiles/WS2812B.dir/B_/Git-repos/pico-sdk/src/rp2_common/pico_double/double_init_rom.c.obj
                0x20001064                sd_table
 .bss.sf_clz_func
                0x20001164        0x4 CMakeFiles/WS2812B.dir/B_/Git-repos/pico-sdk/src/rp2_common/pico_double/double_init_rom.c.obj
                0x20001164                sf_clz_func
 .bss.sf_table  0x20001168      0x100 CMakeFiles/WS2812B.dir/B_/Git-repos/pico-sdk/src/rp2_common/pico_float/float_init_rom.c.obj
                0x20001168                sf_table
 .bss.sleep_notifier
                0x20001268        0x4 CMakeFiles/WS2812B.dir/B_/Git-repos/pico-sdk/src/common/pico_time/time.c.obj
 .bss.stdio_usb_mutex
                0x2000126c        0x8 CMakeFiles/WS2812B.dir/B_/Git-repos/pico-sdk/src/rp2_common/pico_stdio_usb/stdio_usb.c.obj
 .bss.target_hi
                0x20001274       0x10 CMakeFiles/WS2812B.dir/B_/Git-repos/pico-sdk/src/rp2_common/hardware_timer/timer.c.obj
 .bss.usbd_serial_str
                0x20001284       0x11 CMakeFiles/WS2812B.dir/B_/Git-repos/pico-sdk/src/rp2_common/pico_stdio_usb/stdio_usb_descriptors.c.obj
 .bss._app_driver_count
                0x20001295        0x1 CMakeFiles/WS2812B.dir/B_/Git-repos/pico-sdk/lib/tinyusb/src/device/usbd.c.obj
 .bss._usbd_initialized
                0x20001296        0x1 CMakeFiles/WS2812B.dir/B_/Git-repos/pico-sdk/lib/tinyusb/src/device/usbd.c.obj
 .bss.boot2_copyout_valid
                0x20001297        0x1 CMakeFiles/WS2812B.dir/B_/Git-repos/pico-sdk/src/rp2_common/hardware_flash/flash.c.obj
 .bss.claimed   0x20001298        0x1 CMakeFiles/WS2812B.dir/B_/Git-repos/pico-sdk/src/rp2_common/hardware_timer/timer.c.obj
 .bss.irq_hander_chain_free_slot_head
                0x20001299        0x1 CMakeFiles/WS2812B.dir/B_/Git-repos/pico-sdk/src/rp2_common/hardware_irq/irq.c.obj
 .bss.itf_num   0x2000129a        0x1 CMakeFiles/WS2812B.dir/B_/Git-repos/pico-sdk/src/rp2_common/pico_stdio_usb/reset_interface.c.obj
 .bss.timer_callbacks_pending
                0x2000129b        0x1 CMakeFiles/WS2812B.dir/B_/Git-repos/pico-sdk/src/rp2_common/hardware_timer/timer.c.obj
 *(COMMON)
                0x2000129c                . = ALIGN (0x4)
                0x2000129c                __bss_end__ = .

.heap           0x2000129c      0x800
                0x2000129c                __end__ = .
                0x2000129c                end = __end__
 *(.heap*)
 .heap          0x2000129c      0x800 CMakeFiles/WS2812B.dir/B_/Git-repos/pico-sdk/src/rp2_common/pico_standard_link/crt0.S.obj
                0x20001a9c                __HeapLimit = .

.stack1_dummy   0x20040000        0x0
 *(.stack1*)

.stack_dummy    0x20041000      0x800
 *(.stack*)
 .stack         0x20041000      0x800 CMakeFiles/WS2812B.dir/B_/Git-repos/pico-sdk/src/rp2_common/pico_standard_link/crt0.S.obj

.flash_end      0x100089c8        0x0
                0x100089c8                __flash_binary_end = .
                0x20040000                __StackLimit = (ORIGIN (RAM) + LENGTH (RAM))
                0x20041000                __StackOneTop = (ORIGIN (SCRATCH_X) + LENGTH (SCRATCH_X))
                0x20042000                __StackTop = (ORIGIN (SCRATCH_Y) + LENGTH (SCRATCH_Y))
                0x20041000                __StackOneBottom = (__StackOneTop - SIZEOF (.stack1_dummy))
                0x20041800                __StackBottom = (__StackTop - SIZEOF (.stack_dummy))
                0x20042000                PROVIDE (__stack = __StackTop)
                0x00000001                ASSERT ((__StackLimit >= __HeapLimit), region RAM overflowed)
                0x00000001                ASSERT (((__binary_info_header_end - __logical_binary_start) <= 0x100), Binary info must be in first 256 bytes of the binary)
LOAD CMakeFiles/WS2812B.dir/main.c.obj
LOAD CMakeFiles/WS2812B.dir/B_/Git-repos/pico-sdk/src/rp2_common/pico_stdlib/stdlib.c.obj
LOAD CMakeFiles/WS2812B.dir/B_/Git-repos/pico-sdk/src/rp2_common/hardware_gpio/gpio.c.obj
LOAD CMakeFiles/WS2812B.dir/B_/Git-repos/pico-sdk/src/rp2_common/hardware_claim/claim.c.obj
LOAD CMakeFiles/WS2812B.dir/B_/Git-repos/pico-sdk/src/rp2_common/pico_platform/platform.c.obj
LOAD CMakeFiles/WS2812B.dir/B_/Git-repos/pico-sdk/src/rp2_common/hardware_sync/sync.c.obj
LOAD CMakeFiles/WS2812B.dir/B_/Git-repos/pico-sdk/src/rp2_common/hardware_uart/uart.c.obj
LOAD CMakeFiles/WS2812B.dir/B_/Git-repos/pico-sdk/src/rp2_common/hardware_divider/divider.S.obj
LOAD CMakeFiles/WS2812B.dir/B_/Git-repos/pico-sdk/src/common/pico_time/time.c.obj